<html>
<body>
<pre>
<h1>礦ision Build Log</h1>
<h2>Project:</h2>
C:\Users\67004\Desktop\麦轮小车用户资料V2.42\2 实验例程\四路直流电机控制板例程\20 MPU6050实验（互补滤波）\PROJECT\FreeLink_Project.uvproj
Project File Date:  04/13/2020

<h2>Output:</h2>
Build target 'Target 1'
compiling main.c...
compiling delay.c...
compiling sys.c...
assembling startup_stm32f10x_hd.s...
compiling mpu_i2c.c...
compiling timer.c...
compiling oled.c...
compiling oled_user.c...
compiling IMU_Filter.c...
linking...
Program Size: Code=12560 RO-data=16392 RW-data=52 ZI-data=3172  
FromELF: creating hex file...
"..\OBJ\FreeLink.axf" - 0 Error(s), 0 Warning(s).
Build target 'Target 1'
compiling main.c...
compiling timer.c...
compiling oled.c...
compiling oled_user.c...
linking...
Program Size: Code=12560 RO-data=16392 RW-data=52 ZI-data=3172  
FromELF: creating hex file...
"..\OBJ\FreeLink.axf" - 0 Error(s), 0 Warning(s).
