<html>
<body>
<pre>
<h1>礦ision Build Log</h1>
<h2>Project:</h2>
C:\Users\67004\Desktop\麦轮小车用户资料V2.42\2 实验例程\四路直流电机控制板例程\19 MPU6050实验（DMP）\PROJECT\FreeLink_Project.uvproj
Project File Date:  04/13/2020

<h2>Output:</h2>
Build target 'Target 1'
compiling main.c...
compiling delay.c...
compiling sys.c...
assembling startup_stm32f10x_hd.s...
compiling mpu_i2c.c...
compiling oled.c...
compiling oled_user.c...
compiling anbt_dmp_driver.c...
compiling anbt_dmp_mpu6050.c...
linking...
Program Size: Code=26206 RO-data=19618 RW-data=108 ZI-data=3204  
FromELF: creating hex file...
"..\OBJ\FreeLink.axf" - 0 Error(s), 0 Warning(s).
Build target 'Target 1'
compiling main.c...
compiling oled.c...
compiling oled_user.c...
linking...
Program Size: Code=26206 RO-data=19618 RW-data=108 ZI-data=3204  
FromELF: creating hex file...
"..\OBJ\FreeLink.axf" - 0 Error(s), 0 Warning(s).
