<html>
<body>
<pre>
<h1>µVision Build Log</h1>
<h2>Tool Versions:</h2>
IDE-Version: ¦ÌVision V5.38.0.0
Copyright (C) 2022 ARM Ltd and ARM Germany GmbH. All rights reserved.
License Information: TC G, UESTC, LIC=EPPLD-8LI6L-9Z4WW-Q0NN8-WCZLQ-5UJ06
 
Tool Versions:
Toolchain:       MDK-ARM Professional  Version: 5.38.0.0
Toolchain Path:  C:\Keil_v5\ARM\ARMCC\Bin
C Compiler:      Armcc.exe V5.06 update 7 (build 960)
Assembler:       Armasm.exe V5.06 update 7 (build 960)
Linker/Locator:  ArmLink.exe V5.06 update 7 (build 960)
Library Manager: ArmAr.exe V5.06 update 7 (build 960)
Hex Converter:   FromElf.exe V5.06 update 7 (build 960)
CPU DLL:         SARMCM3.DLL V5.38.0.0
Dialog DLL:      DCM.DLL V1.17.5.0
Target DLL:      STLink\ST-LINKIII-KEIL_SWO.dll V3.1.0.0
Dialog DLL:      TCM.DLL V1.56.4.0
 
<h2>Project:</h2>
E:\STM32\Embedded\ALL_2023_8_12_no_radar\USER\template.uvprojx
Project File Date:  08/15/2023

<h2>Output:</h2>
*** Using Compiler 'V5.06 update 7 (build 960)', folder: 'C:\Keil_v5\ARM\ARMCC\Bin'
Build target 'TEMPLATE'
compiling main.c...
main.c(524): warning:  #177-D: variable "times"  was declared but never referenced
  	u16 times=0; 
main.c(525): warning:  #177-D: variable "temp"  was declared but never referenced
  	int temp=250;
main.c(24): warning:  #177-D: variable "btn"  was declared but never referenced
  static lv_obj_t* btn;
main.c: 3 warnings, 0 errors
linking...
Program Size: Code=212958 RO-data=457378 RW-data=1508 ZI-data=2281428  
FromELF: creating hex file...
"..\OBJ\template.axf" - 0 Error(s), 3 Warning(s).

<h2>Software Packages used:</h2>

Package Vendor: Keil
                https://www.keil.com/pack/Keil.STM32F7xx_DFP.2.15.1.pack
                Keil.STM32F7xx_DFP.2.15.1
                STMicroelectronics STM32F7 Series Device Support, Drivers and Examples

<h2>Collection of Component include folders:</h2>
  C:/Users/gtc02/AppData/Local/Arm/Packs/Keil/STM32F7xx_DFP/2.15.1/Drivers/CMSIS/Device/ST/STM32F7xx/Include

<h2>Collection of Component Files used:</h2>
Build Time Elapsed:  00:00:04
</pre>
</body>
</html>
