<html>
<body>
<pre>
<h1>礦ision Build Log</h1>
<h2>Project:</h2>
C:\Users\67004\Desktop\麦轮小车用户资料V2.42\2 实验例程\四路直流电机控制板例程\15 PS2游戏手柄实验\PROJECT\FreeLink_Project.uvproj
Project File Date:  04/13/2020

<h2>Output:</h2>
Build target 'Target 1'
compiling main.c...
compiling delay.c...
compiling sys.c...
assembling startup_stm32f10x_hd.s...
compiling timer.c...
compiling usart.c...
compiling oled.c...
compiling pstwo.c...
..\DEVICE\PS2\pstwo.c(118): warning:  #177-D: variable "index" was declared but never referenced
compiling oled_user.c...
linking...
Program Size: Code=7878 RO-data=16206 RW-data=52 ZI-data=3180  
FromELF: creating hex file...
"..\OBJ\FreeLink.axf" - 0 Error(s), 1 Warning(s).
Build target 'Target 1'
compiling main.c...
compiling timer.c...
compiling usart.c...
compiling oled.c...
compiling pstwo.c...
..\DEVICE\PS2\pstwo.c(108): warning:  #177-D: variable "index" was declared but never referenced
compiling oled_user.c...
linking...
Program Size: Code=7878 RO-data=16206 RW-data=52 ZI-data=3180  
FromELF: creating hex file...
"..\OBJ\FreeLink.axf" - 0 Error(s), 1 Warning(s).
