<html>
<body>
<pre>
<h1>礦ision Build Log</h1>
<h2>Project:</h2>
C:\Users\67004\Desktop\麦轮小车用户资料V2.42\2 实验例程\四路直流电机控制板例程\30 超声波测距实验\PROJECT\FreeLink_Project.uvproj
Project File Date:  04/13/2020

<h2>Output:</h2>
Build target 'Target 1'
linking...
Program Size: Code=7406 RO-data=16466 RW-data=16 ZI-data=3168  
FromELF: creating hex file...
"..\OBJ\FreeLink.axf" - 0 Error(s), 0 Warning(s).
Build target 'Target 1'
compiling main.c...
compiling usart.c...
compiling oled.c...
compiling oled_user.c...
linking...
Program Size: Code=7406 RO-data=16466 RW-data=16 ZI-data=3168  
FromELF: creating hex file...
"..\OBJ\FreeLink.axf" - 0 Error(s), 0 Warning(s).
