<html>
<body>
<pre>
<h1>礦ision Build Log</h1>
<h2>Project:</h2>
C:\Users\67004\Desktop\麦轮小车用户资料V2.42\2 实验例程\四路直流电机控制板例程\23 MPU6050实验（四元素）\PROJECT\FreeLink_Project.uvproj
Project File Date:  04/13/2020

<h2>Output:</h2>
Build target 'Target 1'
compiling main.c...
compiling delay.c...
compiling sys.c...
assembling startup_stm32f10x_hd.s...
compiling mpu_i2c.c...
compiling timer.c...
compiling oled.c...
compiling oled_user.c...
compiling IMU_Filter.c...
..\DEVICE\IMU_filter\IMU_Filter.c(69): warning:  #177-D: variable "q0q3" was declared but never referenced
..\DEVICE\IMU_filter\IMU_Filter.c(71): warning:  #177-D: variable "q1q2" was declared but never referenced
linking...
Program Size: Code=14794 RO-data=16318 RW-data=72 ZI-data=3168  
FromELF: creating hex file...
"..\OBJ\FreeLink.axf" - 0 Error(s), 2 Warning(s).
Build target 'Target 1'
compiling main.c...
compiling timer.c...
compiling oled.c...
compiling oled_user.c...
compiling IMU_Filter.c...
..\DEVICE\IMU_filter\IMU_Filter.c(65): warning:  #177-D: variable "q0q3" was declared but never referenced
..\DEVICE\IMU_filter\IMU_Filter.c(67): warning:  #177-D: variable "q1q2" was declared but never referenced
linking...
Program Size: Code=14794 RO-data=16318 RW-data=72 ZI-data=3168  
FromELF: creating hex file...
"..\OBJ\FreeLink.axf" - 0 Error(s), 2 Warning(s).
Build target 'Target 1'
compiling main.c...
linking...
Program Size: Code=14762 RO-data=16318 RW-data=72 ZI-data=3168  
FromELF: creating hex file...
"..\OBJ\FreeLink.axf" - 0 Error(s), 0 Warning(s).
