Archive member included to satisfy reference by file (symbol)

d:/software/stm32cubeide_1.12.0/stm32cubeide/plugins/com.st.stm32cube.ide.mcu.externaltools.gnu-tools-for-stm32.10.3-2021.10.win32_1.0.200.202301161003/tools/bin/../lib/gcc/arm-none-eabi/10.3.1/../../../../arm-none-eabi/lib/thumb/v7e-m+dp/hard\libc_nano.a(lib_a-errno.o)
                              ./Core/Src/syscalls.o (__errno)
d:/software/stm32cubeide_1.12.0/stm32cubeide/plugins/com.st.stm32cube.ide.mcu.externaltools.gnu-tools-for-stm32.10.3-2021.10.win32_1.0.200.202301161003/tools/bin/../lib/gcc/arm-none-eabi/10.3.1/../../../../arm-none-eabi/lib/thumb/v7e-m+dp/hard\libc_nano.a(lib_a-exit.o)
                              d:/software/stm32cubeide_1.12.0/stm32cubeide/plugins/com.st.stm32cube.ide.mcu.externaltools.gnu-tools-for-stm32.10.3-2021.10.win32_1.0.200.202301161003/tools/bin/../lib/gcc/arm-none-eabi/10.3.1/../../../../arm-none-eabi/lib/thumb/v7e-m+dp/hard/crt0.o (exit)
d:/software/stm32cubeide_1.12.0/stm32cubeide/plugins/com.st.stm32cube.ide.mcu.externaltools.gnu-tools-for-stm32.10.3-2021.10.win32_1.0.200.202301161003/tools/bin/../lib/gcc/arm-none-eabi/10.3.1/../../../../arm-none-eabi/lib/thumb/v7e-m+dp/hard\libc_nano.a(lib_a-impure.o)
                              d:/software/stm32cubeide_1.12.0/stm32cubeide/plugins/com.st.stm32cube.ide.mcu.externaltools.gnu-tools-for-stm32.10.3-2021.10.win32_1.0.200.202301161003/tools/bin/../lib/gcc/arm-none-eabi/10.3.1/../../../../arm-none-eabi/lib/thumb/v7e-m+dp/hard\libc_nano.a(lib_a-exit.o) (_global_impure_ptr)
d:/software/stm32cubeide_1.12.0/stm32cubeide/plugins/com.st.stm32cube.ide.mcu.externaltools.gnu-tools-for-stm32.10.3-2021.10.win32_1.0.200.202301161003/tools/bin/../lib/gcc/arm-none-eabi/10.3.1/../../../../arm-none-eabi/lib/thumb/v7e-m+dp/hard\libc_nano.a(lib_a-init.o)
                              d:/software/stm32cubeide_1.12.0/stm32cubeide/plugins/com.st.stm32cube.ide.mcu.externaltools.gnu-tools-for-stm32.10.3-2021.10.win32_1.0.200.202301161003/tools/bin/../lib/gcc/arm-none-eabi/10.3.1/../../../../arm-none-eabi/lib/thumb/v7e-m+dp/hard/crt0.o (__libc_init_array)
d:/software/stm32cubeide_1.12.0/stm32cubeide/plugins/com.st.stm32cube.ide.mcu.externaltools.gnu-tools-for-stm32.10.3-2021.10.win32_1.0.200.202301161003/tools/bin/../lib/gcc/arm-none-eabi/10.3.1/../../../../arm-none-eabi/lib/thumb/v7e-m+dp/hard\libc_nano.a(lib_a-memcpy-stub.o)
                              ./Core/Src/main.o (memcpy)
d:/software/stm32cubeide_1.12.0/stm32cubeide/plugins/com.st.stm32cube.ide.mcu.externaltools.gnu-tools-for-stm32.10.3-2021.10.win32_1.0.200.202301161003/tools/bin/../lib/gcc/arm-none-eabi/10.3.1/../../../../arm-none-eabi/lib/thumb/v7e-m+dp/hard\libc_nano.a(lib_a-memset.o)
                              d:/software/stm32cubeide_1.12.0/stm32cubeide/plugins/com.st.stm32cube.ide.mcu.externaltools.gnu-tools-for-stm32.10.3-2021.10.win32_1.0.200.202301161003/tools/bin/../lib/gcc/arm-none-eabi/10.3.1/../../../../arm-none-eabi/lib/thumb/v7e-m+dp/hard/crt0.o (memset)
d:/software/stm32cubeide_1.12.0/stm32cubeide/plugins/com.st.stm32cube.ide.mcu.externaltools.gnu-tools-for-stm32.10.3-2021.10.win32_1.0.200.202301161003/tools/bin/../lib/gcc/arm-none-eabi/10.3.1/../../../../arm-none-eabi/lib/thumb/v7e-m+dp/hard\libc_nano.a(lib_a-printf.o)
                              ./Core/Src/main.o (printf)
d:/software/stm32cubeide_1.12.0/stm32cubeide/plugins/com.st.stm32cube.ide.mcu.externaltools.gnu-tools-for-stm32.10.3-2021.10.win32_1.0.200.202301161003/tools/bin/../lib/gcc/arm-none-eabi/10.3.1/../../../../arm-none-eabi/lib/thumb/v7e-m+dp/hard\libc_nano.a(lib_a-findfp.o)
                              d:/software/stm32cubeide_1.12.0/stm32cubeide/plugins/com.st.stm32cube.ide.mcu.externaltools.gnu-tools-for-stm32.10.3-2021.10.win32_1.0.200.202301161003/tools/bin/../lib/gcc/arm-none-eabi/10.3.1/../../../../arm-none-eabi/lib/thumb/v7e-m+dp/hard\libc_nano.a(lib_a-printf.o) (__sinit)
d:/software/stm32cubeide_1.12.0/stm32cubeide/plugins/com.st.stm32cube.ide.mcu.externaltools.gnu-tools-for-stm32.10.3-2021.10.win32_1.0.200.202301161003/tools/bin/../lib/gcc/arm-none-eabi/10.3.1/../../../../arm-none-eabi/lib/thumb/v7e-m+dp/hard\libc_nano.a(lib_a-fwalk.o)
                              d:/software/stm32cubeide_1.12.0/stm32cubeide/plugins/com.st.stm32cube.ide.mcu.externaltools.gnu-tools-for-stm32.10.3-2021.10.win32_1.0.200.202301161003/tools/bin/../lib/gcc/arm-none-eabi/10.3.1/../../../../arm-none-eabi/lib/thumb/v7e-m+dp/hard\libc_nano.a(lib_a-findfp.o) (_fwalk)
d:/software/stm32cubeide_1.12.0/stm32cubeide/plugins/com.st.stm32cube.ide.mcu.externaltools.gnu-tools-for-stm32.10.3-2021.10.win32_1.0.200.202301161003/tools/bin/../lib/gcc/arm-none-eabi/10.3.1/../../../../arm-none-eabi/lib/thumb/v7e-m+dp/hard\libc_nano.a(lib_a-lock.o)
[...]
Memory Configuration

Name             Origin             Length             Attributes
RAM              0x0000000020000000 0x0000000000080000 xrw
FLASH            0x0000000008000000 0x0000000000100000 xr
*default*        0x0000000000000000 0xffffffffffffffff

Linker script and memory map

LOAD d:/software/stm32cubeide_1.12.0/stm32cubeide/plugins/com.st.stm32cube.ide.mcu.externaltools.gnu-tools-for-stm32.10.3-2021.10.win32_1.0.200.202301161003/tools/bin/../lib/gcc/arm-none-eabi/10.3.1/thumb/v7e-m+dp/hard/crti.o
LOAD d:/software/stm32cubeide_1.12.0/stm32cubeide/plugins/com.st.stm32cube.ide.mcu.externaltools.gnu-tools-for-stm32.10.3-2021.10.win32_1.0.200.202301161003/tools/bin/../lib/gcc/arm-none-eabi/10.3.1/thumb/v7e-m+dp/hard/crtbegin.o
LOAD d:/software/stm32cubeide_1.12.0/stm32cubeide/plugins/com.st.stm32cube.ide.mcu.externaltools.gnu-tools-for-stm32.10.3-2021.10.win32_1.0.200.202301161003/tools/bin/../lib/gcc/arm-none-eabi/10.3.1/../../../../arm-none-eabi/lib/thumb/v7e-m+dp/hard/crt0.o
LOAD ./Core/Src/main.o
LOAD ./Core/Src/stm32f7xx_hal_msp.o
LOAD ./Core/Src/stm32f7xx_it.o
LOAD ./Core/Src/syscalls.o
LOAD ./Core/Src/sysmem.o
LOAD ./Core/Src/system_stm32f7xx.o
LOAD ./Core/Startup/startup_stm32f767igtx.o
LOAD ./Drivers/STM32F7xx_HAL_Driver/Src/stm32f7xx_hal.o
LOAD ./Drivers/STM32F7xx_HAL_Driver/Src/stm32f7xx_hal_cortex.o
LOAD ./Drivers/STM32F7xx_HAL_Driver/Src/stm32f7xx_hal_dma.o
LOAD ./Drivers/STM32F7xx_HAL_Driver/Src/stm32f7xx_hal_dma_ex.o
LOAD ./Drivers/STM32F7xx_HAL_Driver/Src/stm32f7xx_hal_exti.o
LOAD ./Drivers/STM32F7xx_HAL_Driver/Src/stm32f7xx_hal_flash.o
LOAD ./Drivers/STM32F7xx_HAL_Driver/Src/stm32f7xx_hal_flash_ex.o
LOAD ./Drivers/STM32F7xx_HAL_Driver/Src/stm32f7xx_hal_gpio.o
LOAD ./Drivers/STM32F7xx_HAL_Driver/Src/stm32f7xx_hal_i2c.o
LOAD ./Drivers/STM32F7xx_HAL_Driver/Src/stm32f7xx_hal_i2c_ex.o
LOAD ./Drivers/STM32F7xx_HAL_Driver/Src/stm32f7xx_hal_pwr.o
LOAD ./Drivers/STM32F7xx_HAL_Driver/Src/stm32f7xx_hal_pwr_ex.o
LOAD ./Drivers/STM32F7xx_HAL_Driver/Src/stm32f7xx_hal_rcc.o
LOAD ./Drivers/STM32F7xx_HAL_Driver/Src/stm32f7xx_hal_rcc_ex.o
LOAD ./Drivers/STM32F7xx_HAL_Driver/Src/stm32f7xx_hal_tim.o
LOAD ./Drivers/STM32F7xx_HAL_Driver/Src/stm32f7xx_hal_tim_ex.o
LOAD ./Drivers/STM32F7xx_HAL_Driver/Src/stm32f7xx_hal_uart.o
LOAD ./Drivers/STM32F7xx_HAL_Driver/Src/stm32f7xx_hal_uart_ex.o
START GROUP
LOAD d:/software/stm32cubeide_1.12.0/stm32cubeide/plugins/com.st.stm32cube.ide.mcu.externaltools.gnu-tools-for-stm32.10.3-2021.10.win32_1.0.200.202301161003/tools/bin/../lib/gcc/arm-none-eabi/10.3.1/../../../../arm-none-eabi/lib/thumb/v7e-m+dp/hard\libc_nano.a
LOAD d:/software/stm32cubeide_1.12.0/stm32cubeide/plugins/com.st.stm32cube.ide.mcu.externaltools.gnu-tools-for-stm32.10.3-2021.10.win32_1.0.200.202301161003/tools/bin/../lib/gcc/arm-none-eabi/10.3.1/../../../../arm-none-eabi/lib/thumb/v7e-m+dp/hard\libm.a
END GROUP
START GROUP
LOAD d:/software/stm32cubeide_1.12.0/stm32cubeide/plugins/com.st.stm32cube.ide.mcu.externaltools.gnu-tools-for-stm32.10.3-2021.10.win32_1.0.200.202301161003/tools/bin/../lib/gcc/arm-none-eabi/10.3.1/thumb/v7e-m+dp/hard\libgcc.a
LOAD d:/software/stm32cubeide_1.12.0/stm32cubeide/plugins/com.st.stm32cube.ide.mcu.externaltools.gnu-tools-for-stm32.10.3-2021.10.win32_1.0.200.202301161003/tools/bin/../lib/gcc/arm-none-eabi/10.3.1/../../../../arm-none-eabi/lib/thumb/v7e-m+dp/hard\libc_nano.a
END GROUP
START GROUP
LOAD d:/software/stm32cubeide_1.12.0/stm32cubeide/plugins/com.st.stm32cube.ide.mcu.externaltools.gnu-tools-for-stm32.10.3-2021.10.win32_1.0.200.202301161003/tools/bin/../lib/gcc/arm-none-eabi/10.3.1/thumb/v7e-m+dp/hard\libgcc.a
LOAD d:/software/stm32cubeide_1.12.0/stm32cubeide/plugins/com.st.stm32cube.ide.mcu.externaltools.gnu-tools-for-stm32.10.3-2021.10.win32_1.0.200.202301161003/tools/bin/../lib/gcc/arm-none-eabi/10.3.1/../../../../arm-none-eabi/lib/thumb/v7e-m+dp/hard\libc_nano.a
LOAD d:/software/stm32cubeide_1.12.0/stm32cubeide/plugins/com.st.stm32cube.ide.mcu.externaltools.gnu-tools-for-stm32.10.3-2021.10.win32_1.0.200.202301161003/tools/bin/../lib/gcc/arm-none-eabi/10.3.1/../../../../arm-none-eabi/lib/thumb/v7e-m+dp/hard\libnosys.a
END GROUP
START GROUP
LOAD d:/software/stm32cubeide_1.12.0/stm32cubeide/plugins/com.st.stm32cube.ide.mcu.externaltools.gnu-tools-for-stm32.10.3-2021.10.win32_1.0.200.202301161003/tools/bin/../lib/gcc/arm-none-eabi/10.3.1/thumb/v7e-m+dp/hard\libgcc.a
LOAD d:/software/stm32cubeide_1.12.0/stm32cubeide/plugins/com.st.stm32cube.ide.mcu.externaltools.gnu-tools-for-stm32.10.3-2021.10.win32_1.0.200.202301161003/tools/bin/../lib/gcc/arm-none-eabi/10.3.1/../../../../arm-none-eabi/lib/thumb/v7e-m+dp/hard\libc_nano.a
LOAD d:/software/stm32cubeide_1.12.0/stm32cubeide/plugins/com.st.stm32cube.ide.mcu.externaltools.gnu-tools-for-stm32.10.3-2021.10.win32_1.0.200.202301161003/tools/bin/../lib/gcc/arm-none-eabi/10.3.1/../../../../arm-none-eabi/lib/thumb/v7e-m+dp/hard\libnosys.a
END GROUP
LOAD d:/software/stm32cubeide_1.12.0/stm32cubeide/plugins/com.st.stm32cube.ide.mcu.externaltools.gnu-tools-for-stm32.10.3-2021.10.win32_1.0.200.202301161003/tools/bin/../lib/gcc/arm-none-eabi/10.3.1/thumb/v7e-m+dp/hard/crtend.o
LOAD d:/software/stm32cubeide_1.12.0/stm32cubeide/plugins/com.st.stm32cube.ide.mcu.externaltools.gnu-tools-for-stm32.10.3-2021.10.win32_1.0.200.202301161003/tools/bin/../lib/gcc/arm-none-eabi/10.3.1/thumb/v7e-m+dp/hard/crtn.o
                0x0000000020080000                _estack = (ORIGIN (RAM) + LENGTH (RAM))
                0x0000000000000200                _Min_Heap_Size = 0x200
                0x0000000000000400                _Min_Stack_Size = 0x400

.isr_vector     0x0000000008000000      0x1f8
                0x0000000008000000                . = ALIGN (0x4)
 *(.isr_vector)
 .isr_vector    0x0000000008000000      0x1f8 ./Core/Startup/startup_stm32f767igtx.o
                0x0000000008000000                g_pfnVectors
                0x00000000080001f8                . = ALIGN (0x4)

.text           0x0000000008000200     0x5da0
                0x0000000008000200                . = ALIGN (0x4)
 *(.text)
 .text          0x0000000008000200       0x40 d:/software/stm32cubeide_1.12.0/stm32cubeide/plugins/com.st.stm32cube.ide.mcu.externaltools.gnu-tools-for-stm32.10.3-2021.10.win32_1.0.200.202301161003/tools/bin/../lib/gcc/arm-none-eabi/10.3.1/thumb/v7e-m+dp/hard/crtbegin.o
 .text          0x0000000008000240       0xa0 d:/software/stm32cubeide_1.12.0/stm32cubeide/plugins/com.st.stm32cube.ide.mcu.externaltools.gnu-tools-for-stm32.10.3-2021.10.win32_1.0.200.202301161003/tools/bin/../lib/gcc/arm-none-eabi/10.3.1/../../../../arm-none-eabi/lib/thumb/v7e-m+dp/hard\libc_nano.a(lib_a-memchr.o)
                0x0000000008000240                memchr
 .text          0x00000000080002e0       0x30 d:/software/stm32cubeide_1.12.0/stm32cubeide/plugins/com.st.stm32cube.ide.mcu.externaltools.gnu-tools-for-stm32.10.3-2021.10.win32_1.0.200.202301161003/tools/bin/../lib/gcc/arm-none-eabi/10.3.1/thumb/v7e-m+dp/hard\libgcc.a(_aeabi_uldivmod.o)
                0x00000000080002e0                __aeabi_uldivmod
 .text          0x0000000008000310      0x2d0 d:/software/stm32cubeide_1.12.0/stm32cubeide/plugins/com.st.stm32cube.ide.mcu.externaltools.gnu-tools-for-stm32.10.3-2021.10.win32_1.0.200.202301161003/tools/bin/../lib/gcc/arm-none-eabi/10.3.1/thumb/v7e-m+dp/hard\libgcc.a(_udivmoddi4.o)
                0x0000000008000310                __udivmoddi4
 .text          0x00000000080005e0        0x4 d:/software/stm32cubeide_1.12.0/stm32cubeide/plugins/com.st.stm32cube.ide.mcu.externaltools.gnu-tools-for-stm32.10.3-2021.10.win32_1.0.200.202301161003/tools/bin/../lib/gcc/arm-none-eabi/10.3.1/thumb/v7e-m+dp/hard\libgcc.a(_dvmd_tls.o)
                0x00000000080005e0                __aeabi_idiv0
                0x00000000080005e0                __aeabi_ldiv0
 *(.text*)
 .text.__io_putchar
                0x00000000080005e4       0x24 ./Core/Src/main.o
                0x00000000080005e4                __io_putchar
 .text.HAL_TIM_PeriodElapsedCallback
                0x0000000008000608       0x38 ./Core/Src/main.o
                0x0000000008000608                HAL_TIM_PeriodElapsedCallback
 .text.HAL_UART_RxCpltCallback
                0x0000000008000640       0x74 ./Core/Src/main.o
                0x0000000008000640                HAL_UART_RxCpltCallback
 .text.radar_getUint32
                0x00000000080006b4       0x38 ./Core/Src/main.o
                0x00000000080006b4                radar_getUint32
 .text.radar_getUint16
                0x00000000080006ec       0x24 ./Core/Src/main.o
                0x00000000080006ec                radar_getUint16
 .text.radar_getTime
                0x0000000008000710       0xe8 ./Core/Src/main.o
                0x0000000008000710                radar_getTime
 .text.radar_rxDataBufCut
                0x00000000080007f8       0x60 ./Core/Src/main.o
                0x00000000080007f8                radar_rxDataBufCut
 .text.radar_checkMagicPattern
                0x0000000008000858       0x58 ./Core/Src/main.o
                0x0000000008000858                radar_checkMagicPattern
 .text.radar_dataUnpack
                0x00000000080008b0      0x2c8 ./Core/Src/main.o
                0x00000000080008b0                radar_dataUnpack
 .text.radar_cfgTransmit
                0x0000000008000b78       0xb4 ./Core/Src/main.o
                0x0000000008000b78                radar_cfgTransmit
 .text.radar_debug
                0x0000000008000c2c       0x9c ./Core/Src/main.o
                0x0000000008000c2c                radar_debug
 .text.main     0x0000000008000cc8       0x78 ./Core/Src/main.o
                0x0000000008000cc8                main
 .text.SystemClock_Config
                0x0000000008000d40       0xe4 ./Core/Src/main.o
                0x0000000008000d40                SystemClock_Config
 .text.MX_TIM1_Init
                0x0000000008000e24       0xa8 ./Core/Src/main.o
 .text.MX_UART5_Init
                0x0000000008000ecc       0x70 ./Core/Src/main.o
 .text.MX_UART7_Init
                0x0000000008000f3c       0x60 ./Core/Src/main.o
 .text.MX_USART3_UART_Init
                0x0000000008000f9c       0x60 ./Core/Src/main.o
 .text.MX_GPIO_Init
                0x0000000008000ffc       0xdc ./Core/Src/main.o
 .text.Error_Handler
                0x00000000080010d8        0xa ./Core/Src/main.o
                0x00000000080010d8                Error_Handler
 *fill*         0x00000000080010e2        0x2 
 .text.HAL_MspInit
                0x00000000080010e4       0x48 ./Core/Src/stm32f7xx_hal_msp.o
                0x00000000080010e4                HAL_MspInit
 .text.HAL_TIM_Base_MspInit
                0x000000000800112c       0x4c ./Core/Src/stm32f7xx_hal_msp.o
                0x000000000800112c                HAL_TIM_Base_MspInit
 .text.HAL_UART_MspInit
                0x0000000008001178      0x1e8 ./Core/Src/stm32f7xx_hal_msp.o
                0x0000000008001178                HAL_UART_MspInit
 .text.NMI_Handler
                0x0000000008001360        0x6 ./Core/Src/stm32f7xx_it.o
                0x0000000008001360                NMI_Handler
 .text.HardFault_Handler
                0x0000000008001366        0x6 ./Core/Src/stm32f7xx_it.o
                0x0000000008001366                HardFault_Handler
 .text.MemManage_Handler
                0x000000000800136c        0x6 ./Core/Src/stm32f7xx_it.o
                0x000000000800136c                MemManage_Handler
 .text.BusFault_Handler
                0x0000000008001372        0x6 ./Core/Src/stm32f7xx_it.o
                0x0000000008001372                BusFault_Handler
 .text.UsageFault_Handler
                0x0000000008001378        0x6 ./Core/Src/stm32f7xx_it.o
                0x0000000008001378                UsageFault_Handler
 .text.SVC_Handler
                0x000000000800137e        0xe ./Core/Src/stm32f7xx_it.o
                0x000000000800137e                SVC_Handler
 .text.DebugMon_Handler
                0x000000000800138c        0xe ./Core/Src/stm32f7xx_it.o
                0x000000000800138c                DebugMon_Handler
 .text.PendSV_Handler
                0x000000000800139a        0xe ./Core/Src/stm32f7xx_it.o
                0x000000000800139a                PendSV_Handler
 .text.SysTick_Handler
                0x00000000080013a8        0xc ./Core/Src/stm32f7xx_it.o
                0x00000000080013a8                SysTick_Handler
 .text.TIM1_UP_TIM10_IRQHandler
                0x00000000080013b4       0x14 ./Core/Src/stm32f7xx_it.o
                0x00000000080013b4                TIM1_UP_TIM10_IRQHandler
 .text.UART5_IRQHandler
                0x00000000080013c8       0x14 ./Core/Src/stm32f7xx_it.o
                0x00000000080013c8                UART5_IRQHandler
 .text._read    0x00000000080013dc       0x3a ./Core/Src/syscalls.o
                0x00000000080013dc                _read
 .text._write   0x0000000008001416       0x38 ./Core/Src/syscalls.o
                0x0000000008001416                _write
 .text._close   0x000000000800144e       0x18 ./Core/Src/syscalls.o
                0x000000000800144e                _close
 .text._fstat   0x0000000008001466       0x20 ./Core/Src/syscalls.o
                0x0000000008001466                _fstat
 .text._isatty  0x0000000008001486       0x16 ./Core/Src/syscalls.o
                0x0000000008001486                _isatty
 .text._lseek   0x000000000800149c       0x1a ./Core/Src/syscalls.o
                0x000000000800149c                _lseek
 *fill*         0x00000000080014b6        0x2 
 .text._sbrk    0x00000000080014b8       0x6c ./Core/Src/sysmem.o
                0x00000000080014b8                _sbrk
 .text.SystemInit
                0x0000000008001524       0x24 ./Core/Src/system_stm32f7xx.o
                0x0000000008001524                SystemInit
 .text.Reset_Handler
                0x0000000008001548       0x50 ./Core/Startup/startup_stm32f767igtx.o
                0x0000000008001548                Reset_Handler
 .text.Default_Handler
                0x0000000008001598        0x2 ./Core/Startup/startup_stm32f767igtx.o
                0x0000000008001598                RTC_Alarm_IRQHandler
                0x0000000008001598                EXTI2_IRQHandler
                0x0000000008001598                TIM8_CC_IRQHandler
                0x0000000008001598                UART8_IRQHandler
                0x0000000008001598                SPI4_IRQHandler
                0x0000000008001598                TIM1_CC_IRQHandler
                0x0000000008001598                DMA2_Stream5_IRQHandler
                0x0000000008001598                JPEG_IRQHandler
                0x0000000008001598                DMA1_Stream5_IRQHandler
                0x0000000008001598                CAN3_RX1_IRQHandler
                0x0000000008001598                PVD_IRQHandler
                0x0000000008001598                TAMP_STAMP_IRQHandler
                0x0000000008001598                CAN2_RX1_IRQHandler
                0x0000000008001598                EXTI3_IRQHandler
                0x0000000008001598                TIM8_TRG_COM_TIM14_IRQHandler
                0x0000000008001598                DFSDM1_FLT1_IRQHandler
                0x0000000008001598                TIM8_UP_TIM13_IRQHandler
                0x0000000008001598                I2C3_ER_IRQHandler
                0x0000000008001598                DFSDM1_FLT2_IRQHandler
                0x0000000008001598                EXTI0_IRQHandler
                0x0000000008001598                I2C2_EV_IRQHandler
                0x0000000008001598                DMA1_Stream2_IRQHandler
                0x0000000008001598                CAN1_RX0_IRQHandler
                0x0000000008001598                FPU_IRQHandler
                0x0000000008001598                OTG_HS_WKUP_IRQHandler
                0x0000000008001598                CAN3_SCE_IRQHandler
                0x0000000008001598                LTDC_ER_IRQHandler
                0x0000000008001598                CAN2_SCE_IRQHandler
                0x0000000008001598                DMA2_Stream2_IRQHandler
                0x0000000008001598                SPI1_IRQHandler
                0x0000000008001598                TIM6_DAC_IRQHandler
                0x0000000008001598                TIM1_BRK_TIM9_IRQHandler
                0x0000000008001598                DCMI_IRQHandler
                0x0000000008001598                CAN2_RX0_IRQHandler
                0x0000000008001598                DMA2_Stream3_IRQHandler
                0x0000000008001598                SAI2_IRQHandler
                0x0000000008001598                DFSDM1_FLT3_IRQHandler
                0x0000000008001598                USART6_IRQHandler
                0x0000000008001598                CAN3_RX0_IRQHandler
                0x0000000008001598                USART3_IRQHandler
                0x0000000008001598                CAN1_RX1_IRQHandler
                0x0000000008001598                DMA2_Stream0_IRQHandler
                0x0000000008001598                TIM4_IRQHandler
                0x0000000008001598                QUADSPI_IRQHandler
                0x0000000008001598                I2C1_EV_IRQHandler
                0x0000000008001598                DMA1_Stream6_IRQHandler
                0x0000000008001598                DMA1_Stream1_IRQHandler
                0x0000000008001598                UART4_IRQHandler
                0x0000000008001598                TIM3_IRQHandler
                0x0000000008001598                RCC_IRQHandler
                0x0000000008001598                TIM8_BRK_TIM12_IRQHandler
                0x0000000008001598                Default_Handler
                0x0000000008001598                CEC_IRQHandler
                0x0000000008001598                EXTI15_10_IRQHandler
                0x0000000008001598                ADC_IRQHandler
                0x0000000008001598                DMA1_Stream7_IRQHandler
                0x0000000008001598                SPI5_IRQHandler
                0x0000000008001598                TIM7_IRQHandler
                0x0000000008001598                SDMMC1_IRQHandler
                0x0000000008001598                CAN2_TX_IRQHandler
                0x0000000008001598                TIM5_IRQHandler
                0x0000000008001598                DMA2_Stream7_IRQHandler
                0x0000000008001598                I2C3_EV_IRQHandler
                0x0000000008001598                EXTI9_5_IRQHandler
                0x0000000008001598                RTC_WKUP_IRQHandler
                0x0000000008001598                LTDC_IRQHandler
                0x0000000008001598                ETH_WKUP_IRQHandler
                0x0000000008001598                SPDIF_RX_IRQHandler
                0x0000000008001598                SPI2_IRQHandler
                0x0000000008001598                OTG_HS_EP1_IN_IRQHandler
                0x0000000008001598                DMA1_Stream0_IRQHandler
                0x0000000008001598                CAN1_TX_IRQHandler
                0x0000000008001598                EXTI4_IRQHandler
                0x0000000008001598                RNG_IRQHandler
                0x0000000008001598                ETH_IRQHandler
                0x0000000008001598                OTG_HS_EP1_OUT_IRQHandler
                0x0000000008001598                WWDG_IRQHandler
                0x0000000008001598                SPI6_IRQHandler
                0x0000000008001598                MDIOS_IRQHandler
                0x0000000008001598                I2C4_EV_IRQHandler
                0x0000000008001598                CAN3_TX_IRQHandler
                0x0000000008001598                TIM2_IRQHandler
                0x0000000008001598                OTG_FS_WKUP_IRQHandler
                0x0000000008001598                TIM1_TRG_COM_TIM11_IRQHandler
                0x0000000008001598                OTG_HS_IRQHandler
                0x0000000008001598                DMA2D_IRQHandler
                0x0000000008001598                EXTI1_IRQHandler
                0x0000000008001598                SDMMC2_IRQHandler
                0x0000000008001598                UART7_IRQHandler
                0x0000000008001598                USART2_IRQHandler
                0x0000000008001598                DFSDM1_FLT0_IRQHandler
                0x0000000008001598                I2C2_ER_IRQHandler
                0x0000000008001598                DMA2_Stream1_IRQHandler
                0x0000000008001598                CAN1_SCE_IRQHandler
                0x0000000008001598                FLASH_IRQHandler
                0x0000000008001598                DMA2_Stream4_IRQHandler
                0x0000000008001598                USART1_IRQHandler
                0x0000000008001598                OTG_FS_IRQHandler
                0x0000000008001598                SPI3_IRQHandler
                0x0000000008001598                DMA1_Stream4_IRQHandler
                0x0000000008001598                I2C1_ER_IRQHandler
                0x0000000008001598                FMC_IRQHandler
                0x0000000008001598                LPTIM1_IRQHandler
                0x0000000008001598                I2C4_ER_IRQHandler
                0x0000000008001598                DMA2_Stream6_IRQHandler
                0x0000000008001598                SAI1_IRQHandler
                0x0000000008001598                DMA1_Stream3_IRQHandler
 .text.HAL_Init
                0x000000000800159a       0x1a ./Drivers/STM32F7xx_HAL_Driver/Src/stm32f7xx_hal.o
                0x000000000800159a                HAL_Init
 .text.HAL_InitTick
                0x00000000080015b4       0x60 ./Drivers/STM32F7xx_HAL_Driver/Src/stm32f7xx_hal.o
                0x00000000080015b4                HAL_InitTick
 .text.HAL_IncTick
                0x0000000008001614       0x28 ./Drivers/STM32F7xx_HAL_Driver/Src/stm32f7xx_hal.o
                0x0000000008001614                HAL_IncTick
 .text.HAL_GetTick
                0x000000000800163c       0x18 ./Drivers/STM32F7xx_HAL_Driver/Src/stm32f7xx_hal.o
                0x000000000800163c                HAL_GetTick
 .text.HAL_Delay
                0x0000000008001654       0x48 ./Drivers/STM32F7xx_HAL_Driver/Src/stm32f7xx_hal.o
                0x0000000008001654                HAL_Delay
 .text.__NVIC_SetPriorityGrouping
                0x000000000800169c       0x48 ./Drivers/STM32F7xx_HAL_Driver/Src/stm32f7xx_hal_cortex.o
 .text.__NVIC_GetPriorityGrouping
                0x00000000080016e4       0x1c ./Drivers/STM32F7xx_HAL_Driver/Src/stm32f7xx_hal_cortex.o
 .text.__NVIC_EnableIRQ
                0x0000000008001700       0x3c ./Drivers/STM32F7xx_HAL_Driver/Src/stm32f7xx_hal_cortex.o
 .text.__NVIC_SetPriority
                0x000000000800173c       0x54 ./Drivers/STM32F7xx_HAL_Driver/Src/stm32f7xx_hal_cortex.o
 .text.NVIC_EncodePriority
                0x0000000008001790       0x66 ./Drivers/STM32F7xx_HAL_Driver/Src/stm32f7xx_hal_cortex.o
 *fill*         0x00000000080017f6        0x2 
 .text.SysTick_Config
                0x00000000080017f8       0x44 ./Drivers/STM32F7xx_HAL_Driver/Src/stm32f7xx_hal_cortex.o
 .text.HAL_NVIC_SetPriorityGrouping
                0x000000000800183c       0x16 ./Drivers/STM32F7xx_HAL_Driver/Src/stm32f7xx_hal_cortex.o
                0x000000000800183c                HAL_NVIC_SetPriorityGrouping
 .text.HAL_NVIC_SetPriority
                0x0000000008001852       0x38 ./Drivers/STM32F7xx_HAL_Driver/Src/stm32f7xx_hal_cortex.o
                0x0000000008001852                HAL_NVIC_SetPriority
 .text.HAL_NVIC_EnableIRQ
                0x000000000800188a       0x1c ./Drivers/STM32F7xx_HAL_Driver/Src/stm32f7xx_hal_cortex.o
                0x000000000800188a                HAL_NVIC_EnableIRQ
 .text.HAL_SYSTICK_Config
                0x00000000080018a6       0x18 ./Drivers/STM32F7xx_HAL_Driver/Src/stm32f7xx_hal_cortex.o
                0x00000000080018a6                HAL_SYSTICK_Config
 .text.HAL_DMA_Abort
                0x00000000080018be       0xe0 ./Drivers/STM32F7xx_HAL_Driver/Src/stm32f7xx_hal_dma.o
                0x00000000080018be                HAL_DMA_Abort
 .text.HAL_DMA_Abort_IT
                0x000000000800199e       0x44 ./Drivers/STM32F7xx_HAL_Driver/Src/stm32f7xx_hal_dma.o
                0x000000000800199e                HAL_DMA_Abort_IT
 *fill*         0x00000000080019e2        0x2 
 .text.HAL_GPIO_Init
                0x00000000080019e4      0x358 ./Drivers/STM32F7xx_HAL_Driver/Src/stm32f7xx_hal_gpio.o
                0x00000000080019e4                HAL_GPIO_Init
 .text.HAL_GPIO_WritePin
                0x0000000008001d3c       0x32 ./Drivers/STM32F7xx_HAL_Driver/Src/stm32f7xx_hal_gpio.o
                0x0000000008001d3c                HAL_GPIO_WritePin
 .text.HAL_GPIO_TogglePin
                0x0000000008001d6e       0x34 ./Drivers/STM32F7xx_HAL_Driver/Src/stm32f7xx_hal_gpio.o
                0x0000000008001d6e                HAL_GPIO_TogglePin
 *fill*         0x0000000008001da2        0x2 
 .text.HAL_PWR_EnableBkUpAccess
                0x0000000008001da4       0x20 ./Drivers/STM32F7xx_HAL_Driver/Src/stm32f7xx_hal_pwr.o
                0x0000000008001da4                HAL_PWR_EnableBkUpAccess
 .text.HAL_PWREx_EnableOverDrive
                0x0000000008001dc4       0xa0 ./Drivers/STM32F7xx_HAL_Driver/Src/stm32f7xx_hal_pwr_ex.o
                0x0000000008001dc4                HAL_PWREx_EnableOverDrive
 .text.HAL_RCC_OscConfig
                0x0000000008001e64      0x55c ./Drivers/STM32F7xx_HAL_Driver/Src/stm32f7xx_hal_rcc.o
                0x0000000008001e64                HAL_RCC_OscConfig
 .text.HAL_RCC_ClockConfig
                0x00000000080023c0      0x1d8 ./Drivers/STM32F7xx_HAL_Driver/Src/stm32f7xx_hal_rcc.o
                0x00000000080023c0                HAL_RCC_ClockConfig
 .text.HAL_RCC_GetSysClockFreq
                0x0000000008002598      0x18c ./Drivers/STM32F7xx_HAL_Driver/Src/stm32f7xx_hal_rcc.o
                0x0000000008002598                HAL_RCC_GetSysClockFreq
 .text.HAL_RCC_GetHCLKFreq
                0x0000000008002724       0x18 ./Drivers/STM32F7xx_HAL_Driver/Src/stm32f7xx_hal_rcc.o
                0x0000000008002724                HAL_RCC_GetHCLKFreq
 .text.HAL_RCC_GetPCLK1Freq
                0x000000000800273c       0x28 ./Drivers/STM32F7xx_HAL_Driver/Src/stm32f7xx_hal_rcc.o
                0x000000000800273c                HAL_RCC_GetPCLK1Freq
 .text.HAL_RCC_GetPCLK2Freq
                0x0000000008002764       0x28 ./Drivers/STM32F7xx_HAL_Driver/Src/stm32f7xx_hal_rcc.o
                0x0000000008002764                HAL_RCC_GetPCLK2Freq
 .text.HAL_RCCEx_PeriphCLKConfig
                0x000000000800278c      0x850 ./Drivers/STM32F7xx_HAL_Driver/Src/stm32f7xx_hal_rcc_ex.o
                0x000000000800278c                HAL_RCCEx_PeriphCLKConfig
 .text.HAL_TIM_Base_Init
                0x0000000008002fdc       0xae ./Drivers/STM32F7xx_HAL_Driver/Src/stm32f7xx_hal_tim.o
                0x0000000008002fdc                HAL_TIM_Base_Init
 *fill*         0x000000000800308a        0x2 
 .text.HAL_TIM_Base_Start_IT
                0x000000000800308c       0xf0 ./Drivers/STM32F7xx_HAL_Driver/Src/stm32f7xx_hal_tim.o
                0x000000000800308c                HAL_TIM_Base_Start_IT
 .text.HAL_TIM_Base_Stop_IT
                0x000000000800317c       0x5e ./Drivers/STM32F7xx_HAL_Driver/Src/stm32f7xx_hal_tim.o
                0x000000000800317c                HAL_TIM_Base_Stop_IT
 .text.HAL_TIM_IRQHandler
                0x00000000080031da      0x23e ./Drivers/STM32F7xx_HAL_Driver/Src/stm32f7xx_hal_tim.o
                0x00000000080031da                HAL_TIM_IRQHandler
 .text.HAL_TIM_ConfigClockSource
                0x0000000008003418      0x194 ./Drivers/STM32F7xx_HAL_Driver/Src/stm32f7xx_hal_tim.o
                0x0000000008003418                HAL_TIM_ConfigClockSource
 .text.HAL_TIM_OC_DelayElapsedCallback
                0x00000000080035ac       0x14 ./Drivers/STM32F7xx_HAL_Driver/Src/stm32f7xx_hal_tim.o
                0x00000000080035ac                HAL_TIM_OC_DelayElapsedCallback
 .text.HAL_TIM_IC_CaptureCallback
                0x00000000080035c0       0x14 ./Drivers/STM32F7xx_HAL_Driver/Src/stm32f7xx_hal_tim.o
                0x00000000080035c0                HAL_TIM_IC_CaptureCallback
 .text.HAL_TIM_PWM_PulseFinishedCallback
                0x00000000080035d4       0x14 ./Drivers/STM32F7xx_HAL_Driver/Src/stm32f7xx_hal_tim.o
                0x00000000080035d4                HAL_TIM_PWM_PulseFinishedCallback
 .text.HAL_TIM_TriggerCallback
                0x00000000080035e8       0x14 ./Drivers/STM32F7xx_HAL_Driver/Src/stm32f7xx_hal_tim.o
                0x00000000080035e8                HAL_TIM_TriggerCallback
 .text.TIM_Base_SetConfig
                0x00000000080035fc      0x140 ./Drivers/STM32F7xx_HAL_Driver/Src/stm32f7xx_hal_tim.o
                0x00000000080035fc                TIM_Base_SetConfig
 .text.TIM_TI1_ConfigInputStage
                0x000000000800373c       0x5e ./Drivers/STM32F7xx_HAL_Driver/Src/stm32f7xx_hal_tim.o
 .text.TIM_TI2_ConfigInputStage
                0x000000000800379a       0x60 ./Drivers/STM32F7xx_HAL_Driver/Src/stm32f7xx_hal_tim.o
 .text.TIM_ITRx_SetConfig
                0x00000000080037fa       0x36 ./Drivers/STM32F7xx_HAL_Driver/Src/stm32f7xx_hal_tim.o
 .text.TIM_ETR_SetConfig
                0x0000000008003830       0x40 ./Drivers/STM32F7xx_HAL_Driver/Src/stm32f7xx_hal_tim.o
                0x0000000008003830                TIM_ETR_SetConfig
 .text.HAL_TIMEx_MasterConfigSynchronization
                0x0000000008003870      0x11c ./Drivers/STM32F7xx_HAL_Driver/Src/stm32f7xx_hal_tim_ex.o
                0x0000000008003870                HAL_TIMEx_MasterConfigSynchronization
 .text.HAL_TIMEx_CommutCallback
                0x000000000800398c       0x14 ./Drivers/STM32F7xx_HAL_Driver/Src/stm32f7xx_hal_tim_ex.o
                0x000000000800398c                HAL_TIMEx_CommutCallback
 .text.HAL_TIMEx_BreakCallback
                0x00000000080039a0       0x14 ./Drivers/STM32F7xx_HAL_Driver/Src/stm32f7xx_hal_tim_ex.o
                0x00000000080039a0                HAL_TIMEx_BreakCallback
 .text.HAL_TIMEx_Break2Callback
                0x00000000080039b4       0x14 ./Drivers/STM32F7xx_HAL_Driver/Src/stm32f7xx_hal_tim_ex.o
                0x00000000080039b4                HAL_TIMEx_Break2Callback
 .text.HAL_UART_Init
                0x00000000080039c8       0x9c ./Drivers/STM32F7xx_HAL_Driver/Src/stm32f7xx_hal_uart.o
                0x00000000080039c8                HAL_UART_Init
 .text.HAL_UART_Transmit
                0x0000000008003a64      0x106 ./Drivers/STM32F7xx_HAL_Driver/Src/stm32f7xx_hal_uart.o
                0x0000000008003a64                HAL_UART_Transmit
 .text.HAL_UART_Receive_IT
                0x0000000008003b6a       0x88 ./Drivers/STM32F7xx_HAL_Driver/Src/stm32f7xx_hal_uart.o
                0x0000000008003b6a                HAL_UART_Receive_IT
 *fill*         0x0000000008003bf2        0x2 
 .text.HAL_UART_IRQHandler
                0x0000000008003bf4      0x5d0 ./Drivers/STM32F7xx_HAL_Driver/Src/stm32f7xx_hal_uart.o
                0x0000000008003bf4                HAL_UART_IRQHandler
 .text.HAL_UART_TxCpltCallback
                0x00000000080041c4       0x14 ./Drivers/STM32F7xx_HAL_Driver/Src/stm32f7xx_hal_uart.o
                0x00000000080041c4                HAL_UART_TxCpltCallback
 .text.HAL_UART_ErrorCallback
                0x00000000080041d8       0x14 ./Drivers/STM32F7xx_HAL_Driver/Src/stm32f7xx_hal_uart.o
                0x00000000080041d8                HAL_UART_ErrorCallback
 .text.HAL_UARTEx_RxEventCallback
                0x00000000080041ec       0x18 ./Drivers/STM32F7xx_HAL_Driver/Src/stm32f7xx_hal_uart.o
                0x00000000080041ec                HAL_UARTEx_RxEventCallback
 .text.HAL_UARTEx_WakeupCallback
                0x0000000008004204       0x14 ./Drivers/STM32F7xx_HAL_Driver/Src/stm32f7xx_hal_uart.o
                0x0000000008004204                HAL_UARTEx_WakeupCallback
 .text.UART_SetConfig
                0x0000000008004218      0x4c8 ./Drivers/STM32F7xx_HAL_Driver/Src/stm32f7xx_hal_uart.o
                0x0000000008004218                UART_SetConfig
 .text.UART_AdvFeatureConfig
                0x00000000080046e0      0x144 ./Drivers/STM32F7xx_HAL_Driver/Src/stm32f7xx_hal_uart.o
                0x00000000080046e0                UART_AdvFeatureConfig
 .text.UART_CheckIdleState
                0x0000000008004824       0x9a ./Drivers/STM32F7xx_HAL_Driver/Src/stm32f7xx_hal_uart.o
                0x0000000008004824                UART_CheckIdleState
 .text.UART_WaitOnFlagUntilTimeout
                0x00000000080048be      0x18c ./Drivers/STM32F7xx_HAL_Driver/Src/stm32f7xx_hal_uart.o
                0x00000000080048be                UART_WaitOnFlagUntilTimeout
 *fill*         0x0000000008004a4a        0x2 
 .text.UART_Start_Receive_IT
                0x0000000008004a4c      0x18c ./Drivers/STM32F7xx_HAL_Driver/Src/stm32f7xx_hal_uart.o
                0x0000000008004a4c                UART_Start_Receive_IT
 .text.UART_EndRxTransfer
                0x0000000008004bd8       0xc8 ./Drivers/STM32F7xx_HAL_Driver/Src/stm32f7xx_hal_uart.o
 .text.UART_DMAAbortOnError
                0x0000000008004ca0       0x2c ./Drivers/STM32F7xx_HAL_Driver/Src/stm32f7xx_hal_uart.o
 .text.UART_EndTransmit_IT
                0x0000000008004ccc       0x54 ./Drivers/STM32F7xx_HAL_Driver/Src/stm32f7xx_hal_uart.o
 .text.UART_RxISR_8BIT
                0x0000000008004d20      0x166 ./Drivers/STM32F7xx_HAL_Driver/Src/stm32f7xx_hal_uart.o
 .text.UART_RxISR_16BIT
                0x0000000008004e86      0x166 ./Drivers/STM32F7xx_HAL_Driver/Src/stm32f7xx_hal_uart.o
 .text.__errno  0x0000000008004fec        0xc d:/software/stm32cubeide_1.12.0/stm32cubeide/plugins/com.st.stm32cube.ide.mcu.externaltools.gnu-tools-for-stm32.10.3-2021.10.win32_1.0.200.202301161003/tools/bin/../lib/gcc/arm-none-eabi/10.3.1/../../../../arm-none-eabi/lib/thumb/v7e-m+dp/hard\libc_nano.a(lib_a-errno.o)
                0x0000000008004fec                __errno
 .text.__libc_init_array
                0x0000000008004ff8       0x48 d:/software/stm32cubeide_1.12.0/stm32cubeide/plugins/com.st.stm32cube.ide.mcu.externaltools.gnu-tools-for-stm32.10.3-2021.10.win32_1.0.200.202301161003/tools/bin/../lib/gcc/arm-none-eabi/10.3.1/../../../../arm-none-eabi/lib/thumb/v7e-m+dp/hard\libc_nano.a(lib_a-init.o)
                0x0000000008004ff8                __libc_init_array
 .text.memcpy   0x0000000008005040       0x1c d:/software/stm32cubeide_1.12.0/stm32cubeide/plugins/com.st.stm32cube.ide.mcu.externaltools.gnu-tools-for-stm32.10.3-2021.10.win32_1.0.200.202301161003/tools/bin/../lib/gcc/arm-none-eabi/10.3.1/../../../../arm-none-eabi/lib/thumb/v7e-m+dp/hard\libc_nano.a(lib_a-memcpy-stub.o)
                0x0000000008005040                memcpy
 .text.memset   0x000000000800505c       0x10 d:/software/stm32cubeide_1.12.0/stm32cubeide/plugins/com.st.stm32cube.ide.mcu.externaltools.gnu-tools-for-stm32.10.3-2021.10.win32_1.0.200.202301161003/tools/bin/../lib/gcc/arm-none-eabi/10.3.1/../../../../arm-none-eabi/lib/thumb/v7e-m+dp/hard\libc_nano.a(lib_a-memset.o)
                0x000000000800505c                memset
 .text.printf   0x000000000800506c       0x30 d:/software/stm32cubeide_1.12.0/stm32cubeide/plugins/com.st.stm32cube.ide.mcu.externaltools.gnu-tools-for-stm32.10.3-2021.10.win32_1.0.200.202301161003/tools/bin/../lib/gcc/arm-none-eabi/10.3.1/../../../../arm-none-eabi/lib/thumb/v7e-m+dp/hard\libc_nano.a(lib_a-printf.o)
                0x000000000800506c                iprintf
                0x000000000800506c                printf
 .text.std      0x000000000800509c       0x48 d:/software/stm32cubeide_1.12.0/stm32cubeide/plugins/com.st.stm32cube.ide.mcu.externaltools.gnu-tools-for-stm32.10.3-2021.10.win32_1.0.200.202301161003/tools/bin/../lib/gcc/arm-none-eabi/10.3.1/../../../../arm-none-eabi/lib/thumb/v7e-m+dp/hard\libc_nano.a(lib_a-findfp.o)
 .text._cleanup_r
                0x00000000080050e4        0xc d:/software/stm32cubeide_1.12.0/stm32cubeide/plugins/com.st.stm32cube.ide.mcu.externaltools.gnu-tools-for-stm32.10.3-2021.10.win32_1.0.200.202301161003/tools/bin/../lib/gcc/arm-none-eabi/10.3.1/../../../../arm-none-eabi/lib/thumb/v7e-m+dp/hard\libc_nano.a(lib_a-findfp.o)
                0x00000000080050e4                _cleanup_r
 .text.__sfmoreglue
                0x00000000080050f0       0x2c d:/software/stm32cubeide_1.12.0/stm32cubeide/plugins/com.st.stm32cube.ide.mcu.externaltools.gnu-tools-for-stm32.10.3-2021.10.win32_1.0.200.202301161003/tools/bin/../lib/gcc/arm-none-eabi/10.3.1/../../../../arm-none-eabi/lib/thumb/v7e-m+dp/hard\libc_nano.a(lib_a-findfp.o)
                0x00000000080050f0                __sfmoreglue
 .text.__sfp_lock_acquire
                0x000000000800511c        0xc d:/software/stm32cubeide_1.12.0/stm32cubeide/plugins/com.st.stm32cube.ide.mcu.externaltools.gnu-tools-for-stm32.10.3-2021.10.win32_1.0.200.202301161003/tools/bin/../lib/gcc/arm-none-eabi/10.3.1/../../../../arm-none-eabi/lib/thumb/v7e-m+dp/hard\libc_nano.a(lib_a-findfp.o)
                0x000000000800511c                __sfp_lock_acquire
 .text.__sfp_lock_release
                0x0000000008005128        0xc d:/software/stm32cubeide_1.12.0/stm32cubeide/plugins/com.st.stm32cube.ide.mcu.externaltools.gnu-tools-for-stm32.10.3-2021.10.win32_1.0.200.202301161003/tools/bin/../lib/gcc/arm-none-eabi/10.3.1/../../../../arm-none-eabi/lib/thumb/v7e-m+dp/hard\libc_nano.a(lib_a-findfp.o)
                0x0000000008005128                __sfp_lock_release
 .text.__sinit_lock_acquire
                0x0000000008005134        0xc d:/software/stm32cubeide_1.12.0/stm32cubeide/plugins/com.st.stm32cube.ide.mcu.externaltools.gnu-tools-for-stm32.10.3-2021.10.win32_1.0.200.202301161003/tools/bin/../lib/gcc/arm-none-eabi/10.3.1/../../../../arm-none-eabi/lib/thumb/v7e-m+dp/hard\libc_nano.a(lib_a-findfp.o)
                0x0000000008005134                __sinit_lock_acquire
 .text.__sinit_lock_release
                0x0000000008005140        0xc d:/software/stm32cubeide_1.12.0/stm32cubeide/plugins/com.st.stm32cube.ide.mcu.externaltools.gnu-tools-for-stm32.10.3-2021.10.win32_1.0.200.202301161003/tools/bin/../lib/gcc/arm-none-eabi/10.3.1/../../../../arm-none-eabi/lib/thumb/v7e-m+dp/hard\libc_nano.a(lib_a-findfp.o)
                0x0000000008005140                __sinit_lock_release
 .text.__sinit  0x000000000800514c       0x70 d:/software/stm32cubeide_1.12.0/stm32cubeide/plugins/com.st.stm32cube.ide.mcu.externaltools.gnu-tools-for-stm32.10.3-2021.10.win32_1.0.200.202301161003/tools/bin/../lib/gcc/arm-none-eabi/10.3.1/../../../../arm-none-eabi/lib/thumb/v7e-m+dp/hard\libc_nano.a(lib_a-findfp.o)
                0x000000000800514c                __sinit
 .text.__sfp    0x00000000080051bc       0x8c d:/software/stm32cubeide_1.12.0/stm32cubeide/plugins/com.st.stm32cube.ide.mcu.externaltools.gnu-tools-for-stm32.10.3-2021.10.win32_1.0.200.202301161003/tools/bin/../lib/gcc/arm-none-eabi/10.3.1/../../../../arm-none-eabi/lib/thumb/v7e-m+dp/hard\libc_nano.a(lib_a-findfp.o)
                0x00000000080051bc                __sfp
 .text._fwalk_reent
                0x0000000008005248       0x3e d:/software/stm32cubeide_1.12.0/stm32cubeide/plugins/com.st.stm32cube.ide.mcu.externaltools.gnu-tools-for-stm32.10.3-2021.10.win32_1.0.200.202301161003/tools/bin/../lib/gcc/arm-none-eabi/10.3.1/../../../../arm-none-eabi/lib/thumb/v7e-m+dp/hard\libc_nano.a(lib_a-fwalk.o)
                0x0000000008005248                _fwalk_reent
 .text.__retarget_lock_init_recursive
                0x0000000008005286        0x2 d:/software/stm32cubeide_1.12.0/stm32cubeide/plugins/com.st.stm32cube.ide.mcu.externaltools.gnu-tools-for-stm32.10.3-2021.10.win32_1.0.200.202301161003/tools/bin/../lib/gcc/arm-none-eabi/10.3.1/../../../../arm-none-eabi/lib/thumb/v7e-m+dp/hard\libc_nano.a(lib_a-lock.o)
                0x0000000008005286                __retarget_lock_init_recursive
 .text.__retarget_lock_acquire_recursive
                0x0000000008005288        0x2 d:/software/stm32cubeide_1.12.0/stm32cubeide/plugins/com.st.stm32cube.ide.mcu.externaltools.gnu-tools-for-stm32.10.3-2021.10.win32_1.0.200.202301161003/tools/bin/../lib/gcc/arm-none-eabi/10.3.1/../../../../arm-none-eabi/lib/thumb/v7e-m+dp/hard\libc_nano.a(lib_a-lock.o)
                0x0000000008005288                __retarget_lock_acquire_recursive
 .text.__retarget_lock_release_recursive
                0x000000000800528a        0x2 d:/software/stm32cubeide_1.12.0/stm32cubeide/plugins/com.st.stm32cube.ide.mcu.externaltools.gnu-tools-for-stm32.10.3-2021.10.win32_1.0.200.202301161003/tools/bin/../lib/gcc/arm-none-eabi/10.3.1/../../../../arm-none-eabi/lib/thumb/v7e-m+dp/hard\libc_nano.a(lib_a-lock.o)
                0x000000000800528a                __retarget_lock_release_recursive
 .text.sbrk_aligned
                0x000000000800528c       0x40 d:/software/stm32cubeide_1.12.0/stm32cubeide/plugins/com.st.stm32cube.ide.mcu.externaltools.gnu-tools-for-stm32.10.3-2021.10.win32_1.0.200.202301161003/tools/bin/../lib/gcc/arm-none-eabi/10.3.1/../../../../arm-none-eabi/lib/thumb/v7e-m+dp/hard\libc_nano.a(lib_a-nano-mallocr.o)
 .text._malloc_r
                0x00000000080052cc       0xe8 d:/software/stm32cubeide_1.12.0/stm32cubeide/plugins/com.st.stm32cube.ide.mcu.externaltools.gnu-tools-for-stm32.10.3-2021.10.win32_1.0.200.202301161003/tools/bin/../lib/gcc/arm-none-eabi/10.3.1/../../../../arm-none-eabi/lib/thumb/v7e-m+dp/hard\libc_nano.a(lib_a-nano-mallocr.o)
                0x00000000080052cc                _malloc_r
 .text.__sfputc_r
                0x00000000080053b4       0x2e d:/software/stm32cubeide_1.12.0/stm32cubeide/plugins/com.st.stm32cube.ide.mcu.externaltools.gnu-tools-for-stm32.10.3-2021.10.win32_1.0.200.202301161003/tools/bin/../lib/gcc/arm-none-eabi/10.3.1/../../../../arm-none-eabi/lib/thumb/v7e-m+dp/hard\libc_nano.a(lib_a-nano-vfprintf.o)
 .text.__sfputs_r
                0x00000000080053e2       0x24 d:/software/stm32cubeide_1.12.0/stm32cubeide/plugins/com.st.stm32cube.ide.mcu.externaltools.gnu-tools-for-stm32.10.3-2021.10.win32_1.0.200.202301161003/tools/bin/../lib/gcc/arm-none-eabi/10.3.1/../../../../arm-none-eabi/lib/thumb/v7e-m+dp/hard\libc_nano.a(lib_a-nano-vfprintf.o)
                0x00000000080053e2                __sfputs_r
 *fill*         0x0000000008005406        0x2 
 .text._vfprintf_r
                0x0000000008005408      0x260 d:/software/stm32cubeide_1.12.0/stm32cubeide/plugins/com.st.stm32cube.ide.mcu.externaltools.gnu-tools-for-stm32.10.3-2021.10.win32_1.0.200.202301161003/tools/bin/../lib/gcc/arm-none-eabi/10.3.1/../../../../arm-none-eabi/lib/thumb/v7e-m+dp/hard\libc_nano.a(lib_a-nano-vfprintf.o)
                0x0000000008005408                _vfprintf_r
                0x0000000008005408                _vfiprintf_r
 .text._printf_common
                0x0000000008005668       0xda d:/software/stm32cubeide_1.12.0/stm32cubeide/plugins/com.st.stm32cube.ide.mcu.externaltools.gnu-tools-for-stm32.10.3-2021.10.win32_1.0.200.202301161003/tools/bin/../lib/gcc/arm-none-eabi/10.3.1/../../../../arm-none-eabi/lib/thumb/v7e-m+dp/hard\libc_nano.a(lib_a-nano-vfprintf_i.o)
                0x0000000008005668                _printf_common
 *fill*         0x0000000008005742        0x2 
 .text._printf_i
                0x0000000008005744      0x24c d:/software/stm32cubeide_1.12.0/stm32cubeide/plugins/com.st.stm32cube.ide.mcu.externaltools.gnu-tools-for-stm32.10.3-2021.10.win32_1.0.200.202301161003/tools/bin/../lib/gcc/arm-none-eabi/10.3.1/../../../../arm-none-eabi/lib/thumb/v7e-m+dp/hard\libc_nano.a(lib_a-nano-vfprintf_i.o)
                0x0000000008005744                _printf_i
 .text._sbrk_r  0x0000000008005990       0x20 d:/software/stm32cubeide_1.12.0/stm32cubeide/plugins/com.st.stm32cube.ide.mcu.externaltools.gnu-tools-for-stm32.10.3-2021.10.win32_1.0.200.202301161003/tools/bin/../lib/gcc/arm-none-eabi/10.3.1/../../../../arm-none-eabi/lib/thumb/v7e-m+dp/hard\libc_nano.a(lib_a-sbrkr.o)
                0x0000000008005990                _sbrk_r
 .text.__sread  0x00000000080059b0       0x22 d:/software/stm32cubeide_1.12.0/stm32cubeide/plugins/com.st.stm32cube.ide.mcu.externaltools.gnu-tools-for-stm32.10.3-2021.10.win32_1.0.200.202301161003/tools/bin/../lib/gcc/arm-none-eabi/10.3.1/../../../../arm-none-eabi/lib/thumb/v7e-m+dp/hard\libc_nano.a(lib_a-stdio.o)
                0x00000000080059b0                __sread
 .text.__swrite
                0x00000000080059d2       0x38 d:/software/stm32cubeide_1.12.0/stm32cubeide/plugins/com.st.stm32cube.ide.mcu.externaltools.gnu-tools-for-stm32.10.3-2021.10.win32_1.0.200.202301161003/tools/bin/../lib/gcc/arm-none-eabi/10.3.1/../../../../arm-none-eabi/lib/thumb/v7e-m+dp/hard\libc_nano.a(lib_a-stdio.o)
                0x00000000080059d2                __swrite
 .text.__sseek  0x0000000008005a0a       0x24 d:/software/stm32cubeide_1.12.0/stm32cubeide/plugins/com.st.stm32cube.ide.mcu.externaltools.gnu-tools-for-stm32.10.3-2021.10.win32_1.0.200.202301161003/tools/bin/../lib/gcc/arm-none-eabi/10.3.1/../../../../arm-none-eabi/lib/thumb/v7e-m+dp/hard\libc_nano.a(lib_a-stdio.o)
                0x0000000008005a0a                __sseek
 .text.__sclose
                0x0000000008005a2e        0x8 d:/software/stm32cubeide_1.12.0/stm32cubeide/plugins/com.st.stm32cube.ide.mcu.externaltools.gnu-tools-for-stm32.10.3-2021.10.win32_1.0.200.202301161003/tools/bin/../lib/gcc/arm-none-eabi/10.3.1/../../../../arm-none-eabi/lib/thumb/v7e-m+dp/hard\libc_nano.a(lib_a-stdio.o)
                0x0000000008005a2e                __sclose
 *fill*         0x0000000008005a36        0x2 
 .text.__swbuf_r
                0x0000000008005a38       0xa4 d:/software/stm32cubeide_1.12.0/stm32cubeide/plugins/com.st.stm32cube.ide.mcu.externaltools.gnu-tools-for-stm32.10.3-2021.10.win32_1.0.200.202301161003/tools/bin/../lib/gcc/arm-none-eabi/10.3.1/../../../../arm-none-eabi/lib/thumb/v7e-m+dp/hard\libc_nano.a(lib_a-wbuf.o)
                0x0000000008005a38                __swbuf_r
 .text._write_r
                0x0000000008005adc       0x24 d:/software/stm32cubeide_1.12.0/stm32cubeide/plugins/com.st.stm32cube.ide.mcu.externaltools.gnu-tools-for-stm32.10.3-2021.10.win32_1.0.200.202301161003/tools/bin/../lib/gcc/arm-none-eabi/10.3.1/../../../../arm-none-eabi/lib/thumb/v7e-m+dp/hard\libc_nano.a(lib_a-writer.o)
                0x0000000008005adc                _write_r
 .text.__swsetup_r
                0x0000000008005b00       0xdc d:/software/stm32cubeide_1.12.0/stm32cubeide/plugins/com.st.stm32cube.ide.mcu.externaltools.gnu-tools-for-stm32.10.3-2021.10.win32_1.0.200.202301161003/tools/bin/../lib/gcc/arm-none-eabi/10.3.1/../../../../arm-none-eabi/lib/thumb/v7e-m+dp/hard\libc_nano.a(lib_a-wsetup.o)
                0x0000000008005b00                __swsetup_r
 .text._close_r
                0x0000000008005bdc       0x20 d:/software/stm32cubeide_1.12.0/stm32cubeide/plugins/com.st.stm32cube.ide.mcu.externaltools.gnu-tools-for-stm32.10.3-2021.10.win32_1.0.200.202301161003/tools/bin/../lib/gcc/arm-none-eabi/10.3.1/../../../../arm-none-eabi/lib/thumb/v7e-m+dp/hard\libc_nano.a(lib_a-closer.o)
                0x0000000008005bdc                _close_r
 .text.__sflush_r
                0x0000000008005bfc      0x10c d:/software/stm32cubeide_1.12.0/stm32cubeide/plugins/com.st.stm32cube.ide.mcu.externaltools.gnu-tools-for-stm32.10.3-2021.10.win32_1.0.200.202301161003/tools/bin/../lib/gcc/arm-none-eabi/10.3.1/../../../../arm-none-eabi/lib/thumb/v7e-m+dp/hard\libc_nano.a(lib_a-fflush.o)
                0x0000000008005bfc                __sflush_r
 .text._fflush_r
                0x0000000008005d08       0x78 d:/software/stm32cubeide_1.12.0/stm32cubeide/plugins/com.st.stm32cube.ide.mcu.externaltools.gnu-tools-for-stm32.10.3-2021.10.win32_1.0.200.202301161003/tools/bin/../lib/gcc/arm-none-eabi/10.3.1/../../../../arm-none-eabi/lib/thumb/v7e-m+dp/hard\libc_nano.a(lib_a-fflush.o)
                0x0000000008005d08                _fflush_r
 .text._lseek_r
                0x0000000008005d80       0x24 d:/software/stm32cubeide_1.12.0/stm32cubeide/plugins/com.st.stm32cube.ide.mcu.externaltools.gnu-tools-for-stm32.10.3-2021.10.win32_1.0.200.202301161003/tools/bin/../lib/gcc/arm-none-eabi/10.3.1/../../../../arm-none-eabi/lib/thumb/v7e-m+dp/hard\libc_nano.a(lib_a-lseekr.o)
                0x0000000008005d80                _lseek_r
 .text.__swhatbuf_r
                0x0000000008005da4       0x4a d:/software/stm32cubeide_1.12.0/stm32cubeide/plugins/com.st.stm32cube.ide.mcu.externaltools.gnu-tools-for-stm32.10.3-2021.10.win32_1.0.200.202301161003/tools/bin/../lib/gcc/arm-none-eabi/10.3.1/../../../../arm-none-eabi/lib/thumb/v7e-m+dp/hard\libc_nano.a(lib_a-makebuf.o)
                0x0000000008005da4                __swhatbuf_r
 *fill*         0x0000000008005dee        0x2 
 .text.__smakebuf_r
                0x0000000008005df0       0x80 d:/software/stm32cubeide_1.12.0/stm32cubeide/plugins/com.st.stm32cube.ide.mcu.externaltools.gnu-tools-for-stm32.10.3-2021.10.win32_1.0.200.202301161003/tools/bin/../lib/gcc/arm-none-eabi/10.3.1/../../../../arm-none-eabi/lib/thumb/v7e-m+dp/hard\libc_nano.a(lib_a-makebuf.o)
                0x0000000008005df0                __smakebuf_r
 .text.__malloc_lock
                0x0000000008005e70        0xc d:/software/stm32cubeide_1.12.0/stm32cubeide/plugins/com.st.stm32cube.ide.mcu.externaltools.gnu-tools-for-stm32.10.3-2021.10.win32_1.0.200.202301161003/tools/bin/../lib/gcc/arm-none-eabi/10.3.1/../../../../arm-none-eabi/lib/thumb/v7e-m+dp/hard\libc_nano.a(lib_a-mlock.o)
                0x0000000008005e70                __malloc_lock
 .text.__malloc_unlock
                0x0000000008005e7c        0xc d:/software/stm32cubeide_1.12.0/stm32cubeide/plugins/com.st.stm32cube.ide.mcu.externaltools.gnu-tools-for-stm32.10.3-2021.10.win32_1.0.200.202301161003/tools/bin/../lib/gcc/arm-none-eabi/10.3.1/../../../../arm-none-eabi/lib/thumb/v7e-m+dp/hard\libc_nano.a(lib_a-mlock.o)
                0x0000000008005e7c                __malloc_unlock
 .text._free_r  0x0000000008005e88       0x98 d:/software/stm32cubeide_1.12.0/stm32cubeide/plugins/com.st.stm32cube.ide.mcu.externaltools.gnu-tools-for-stm32.10.3-2021.10.win32_1.0.200.202301161003/tools/bin/../lib/gcc/arm-none-eabi/10.3.1/../../../../arm-none-eabi/lib/thumb/v7e-m+dp/hard\libc_nano.a(lib_a-nano-freer.o)
                0x0000000008005e88                _free_r
 .text._read_r  0x0000000008005f20       0x24 d:/software/stm32cubeide_1.12.0/stm32cubeide/plugins/com.st.stm32cube.ide.mcu.externaltools.gnu-tools-for-stm32.10.3-2021.10.win32_1.0.200.202301161003/tools/bin/../lib/gcc/arm-none-eabi/10.3.1/../../../../arm-none-eabi/lib/thumb/v7e-m+dp/hard\libc_nano.a(lib_a-readr.o)
                0x0000000008005f20                _read_r
 .text._fstat_r
                0x0000000008005f44       0x24 d:/software/stm32cubeide_1.12.0/stm32cubeide/plugins/com.st.stm32cube.ide.mcu.externaltools.gnu-tools-for-stm32.10.3-2021.10.win32_1.0.200.202301161003/tools/bin/../lib/gcc/arm-none-eabi/10.3.1/../../../../arm-none-eabi/lib/thumb/v7e-m+dp/hard\libc_nano.a(lib_a-fstatr.o)
                0x0000000008005f44                _fstat_r
 .text._isatty_r
                0x0000000008005f68       0x20 d:/software/stm32cubeide_1.12.0/stm32cubeide/plugins/com.st.stm32cube.ide.mcu.externaltools.gnu-tools-for-stm32.10.3-2021.10.win32_1.0.200.202301161003/tools/bin/../lib/gcc/arm-none-eabi/10.3.1/../../../../arm-none-eabi/lib/thumb/v7e-m+dp/hard\libc_nano.a(lib_a-isattyr.o)
                0x0000000008005f68                _isatty_r
 *(.glue_7)
 .glue_7        0x0000000008005f88        0x0 linker stubs
 *(.glue_7t)
 .glue_7t       0x0000000008005f88        0x0 linker stubs
 *(.eh_frame)
 .eh_frame      0x0000000008005f88        0x0 d:/software/stm32cubeide_1.12.0/stm32cubeide/plugins/com.st.stm32cube.ide.mcu.externaltools.gnu-tools-for-stm32.10.3-2021.10.win32_1.0.200.202301161003/tools/bin/../lib/gcc/arm-none-eabi/10.3.1/thumb/v7e-m+dp/hard/crtbegin.o
 *(.init)
 .init          0x0000000008005f88        0x4 d:/software/stm32cubeide_1.12.0/stm32cubeide/plugins/com.st.stm32cube.ide.mcu.externaltools.gnu-tools-for-stm32.10.3-2021.10.win32_1.0.200.202301161003/tools/bin/../lib/gcc/arm-none-eabi/10.3.1/thumb/v7e-m+dp/hard/crti.o
                0x0000000008005f88                _init
 .init          0x0000000008005f8c        0x8 d:/software/stm32cubeide_1.12.0/stm32cubeide/plugins/com.st.stm32cube.ide.mcu.externaltools.gnu-tools-for-stm32.10.3-2021.10.win32_1.0.200.202301161003/tools/bin/../lib/gcc/arm-none-eabi/10.3.1/thumb/v7e-m+dp/hard/crtn.o
 *(.fini)
 .fini          0x0000000008005f94        0x4 d:/software/stm32cubeide_1.12.0/stm32cubeide/plugins/com.st.stm32cube.ide.mcu.externaltools.gnu-tools-for-stm32.10.3-2021.10.win32_1.0.200.202301161003/tools/bin/../lib/gcc/arm-none-eabi/10.3.1/thumb/v7e-m+dp/hard/crti.o
                0x0000000008005f94                _fini
 .fini          0x0000000008005f98        0x8 d:/software/stm32cubeide_1.12.0/stm32cubeide/plugins/com.st.stm32cube.ide.mcu.externaltools.gnu-tools-for-stm32.10.3-2021.10.win32_1.0.200.202301161003/tools/bin/../lib/gcc/arm-none-eabi/10.3.1/thumb/v7e-m+dp/hard/crtn.o
                0x0000000008005fa0                . = ALIGN (0x4)
                0x0000000008005fa0                _etext = .

.vfp11_veneer   0x0000000008005fa0        0x0
 .vfp11_veneer  0x0000000008005fa0        0x0 linker stubs

.v4_bx          0x0000000008005fa0        0x0
 .v4_bx         0x0000000008005fa0        0x0 linker stubs

.iplt           0x0000000008005fa0        0x0
 .iplt          0x0000000008005fa0        0x0 d:/software/stm32cubeide_1.12.0/stm32cubeide/plugins/com.st.stm32cube.ide.mcu.externaltools.gnu-tools-for-stm32.10.3-2021.10.win32_1.0.200.202301161003/tools/bin/../lib/gcc/arm-none-eabi/10.3.1/thumb/v7e-m+dp/hard/crtbegin.o

.rodata         0x0000000008005fa0      0x17c
                0x0000000008005fa0                . = ALIGN (0x4)
 *(.rodata)
 .rodata        0x0000000008005fa0       0xca ./Core/Src/main.o
 *(.rodata*)
 *fill*         0x000000000800606a        0x2 
 .rodata.AHBPrescTable
                0x000000000800606c       0x10 ./Core/Src/system_stm32f7xx.o
                0x000000000800606c                AHBPrescTable
 .rodata.APBPrescTable
                0x000000000800607c        0x8 ./Core/Src/system_stm32f7xx.o
                0x000000000800607c                APBPrescTable
 .rodata._global_impure_ptr
                0x0000000008006084        0x4 d:/software/stm32cubeide_1.12.0/stm32cubeide/plugins/com.st.stm32cube.ide.mcu.externaltools.gnu-tools-for-stm32.10.3-2021.10.win32_1.0.200.202301161003/tools/bin/../lib/gcc/arm-none-eabi/10.3.1/../../../../arm-none-eabi/lib/thumb/v7e-m+dp/hard\libc_nano.a(lib_a-impure.o)
                0x0000000008006084                _global_impure_ptr
 .rodata.__sf_fake_stderr
                0x0000000008006088       0x20 d:/software/stm32cubeide_1.12.0/stm32cubeide/plugins/com.st.stm32cube.ide.mcu.externaltools.gnu-tools-for-stm32.10.3-2021.10.win32_1.0.200.202301161003/tools/bin/../lib/gcc/arm-none-eabi/10.3.1/../../../../arm-none-eabi/lib/thumb/v7e-m+dp/hard\libc_nano.a(lib_a-findfp.o)
                0x0000000008006088                __sf_fake_stderr
 .rodata.__sf_fake_stdin
                0x00000000080060a8       0x20 d:/software/stm32cubeide_1.12.0/stm32cubeide/plugins/com.st.stm32cube.ide.mcu.externaltools.gnu-tools-for-stm32.10.3-2021.10.win32_1.0.200.202301161003/tools/bin/../lib/gcc/arm-none-eabi/10.3.1/../../../../arm-none-eabi/lib/thumb/v7e-m+dp/hard\libc_nano.a(lib_a-findfp.o)
                0x00000000080060a8                __sf_fake_stdin
 .rodata.__sf_fake_stdout
                0x00000000080060c8       0x20 d:/software/stm32cubeide_1.12.0/stm32cubeide/plugins/com.st.stm32cube.ide.mcu.externaltools.gnu-tools-for-stm32.10.3-2021.10.win32_1.0.200.202301161003/tools/bin/../lib/gcc/arm-none-eabi/10.3.1/../../../../arm-none-eabi/lib/thumb/v7e-m+dp/hard\libc_nano.a(lib_a-findfp.o)
                0x00000000080060c8                __sf_fake_stdout
 .rodata._vfprintf_r.str1.1
                0x00000000080060e8       0x11 d:/software/stm32cubeide_1.12.0/stm32cubeide/plugins/com.st.stm32cube.ide.mcu.externaltools.gnu-tools-for-stm32.10.3-2021.10.win32_1.0.200.202301161003/tools/bin/../lib/gcc/arm-none-eabi/10.3.1/../../../../arm-none-eabi/lib/thumb/v7e-m+dp/hard\libc_nano.a(lib_a-nano-vfprintf.o)
 .rodata._printf_i.str1.1
                0x00000000080060f9       0x22 d:/software/stm32cubeide_1.12.0/stm32cubeide/plugins/com.st.stm32cube.ide.mcu.externaltools.gnu-tools-for-stm32.10.3-2021.10.win32_1.0.200.202301161003/tools/bin/../lib/gcc/arm-none-eabi/10.3.1/../../../../arm-none-eabi/lib/thumb/v7e-m+dp/hard\libc_nano.a(lib_a-nano-vfprintf_i.o)
                0x000000000800611c                . = ALIGN (0x4)
 *fill*         0x000000000800611b        0x1 

.ARM.extab      0x000000000800611c        0x0
                0x000000000800611c                . = ALIGN (0x4)
 *(.ARM.extab* .gnu.linkonce.armextab.*)
                0x000000000800611c                . = ALIGN (0x4)

.ARM            0x000000000800611c        0x8
                0x000000000800611c                . = ALIGN (0x4)
                0x000000000800611c                __exidx_start = .
 *(.ARM.exidx*)
 .ARM.exidx     0x000000000800611c        0x8 d:/software/stm32cubeide_1.12.0/stm32cubeide/plugins/com.st.stm32cube.ide.mcu.externaltools.gnu-tools-for-stm32.10.3-2021.10.win32_1.0.200.202301161003/tools/bin/../lib/gcc/arm-none-eabi/10.3.1/thumb/v7e-m+dp/hard\libgcc.a(_udivmoddi4.o)
                0x0000000008006124                __exidx_end = .
                0x0000000008006124                . = ALIGN (0x4)

.rel.dyn        0x0000000008006124        0x0
 .rel.iplt      0x0000000008006124        0x0 d:/software/stm32cubeide_1.12.0/stm32cubeide/plugins/com.st.stm32cube.ide.mcu.externaltools.gnu-tools-for-stm32.10.3-2021.10.win32_1.0.200.202301161003/tools/bin/../lib/gcc/arm-none-eabi/10.3.1/thumb/v7e-m+dp/hard/crtbegin.o

.preinit_array  0x0000000008006124        0x0
                0x0000000008006124                . = ALIGN (0x4)
                0x0000000008006124                PROVIDE (__preinit_array_start = .)
 *(.preinit_array*)
                0x0000000008006124                PROVIDE (__preinit_array_end = .)
                0x0000000008006124                . = ALIGN (0x4)

.init_array     0x0000000008006124        0x4
                0x0000000008006124                . = ALIGN (0x4)
                0x0000000008006124                PROVIDE (__init_array_start = .)
 *(SORT_BY_NAME(.init_array.*))
 *(.init_array*)
 .init_array    0x0000000008006124        0x4 d:/software/stm32cubeide_1.12.0/stm32cubeide/plugins/com.st.stm32cube.ide.mcu.externaltools.gnu-tools-for-stm32.10.3-2021.10.win32_1.0.200.202301161003/tools/bin/../lib/gcc/arm-none-eabi/10.3.1/thumb/v7e-m+dp/hard/crtbegin.o
                0x0000000008006128                PROVIDE (__init_array_end = .)
                0x0000000008006128                . = ALIGN (0x4)

.fini_array     0x0000000008006128        0x4
                0x0000000008006128                . = ALIGN (0x4)
                [!provide]                        PROVIDE (__fini_array_start = .)
 *(SORT_BY_NAME(.fini_array.*))
 *(.fini_array*)
 .fini_array    0x0000000008006128        0x4 d:/software/stm32cubeide_1.12.0/stm32cubeide/plugins/com.st.stm32cube.ide.mcu.externaltools.gnu-tools-for-stm32.10.3-2021.10.win32_1.0.200.202301161003/tools/bin/../lib/gcc/arm-none-eabi/10.3.1/thumb/v7e-m+dp/hard/crtbegin.o
                [!provide]                        PROVIDE (__fini_array_end = .)
                0x000000000800612c                . = ALIGN (0x4)
                0x000000000800612c                _sidata = LOADADDR (.data)

.data           0x0000000020000000      0x350 load address 0x000000000800612c
                0x0000000020000000                . = ALIGN (0x4)
                0x0000000020000000                _sdata = .
 *(.data)
 *(.data*)
 .data.radar_chripCFG
                0x0000000020000000      0x2dd ./Core/Src/main.o
                0x0000000020000000                radar_chripCFG
 *fill*         0x00000000200002dd        0x3 
 .data.SystemCoreClock
                0x00000000200002e0        0x4 ./Core/Src/system_stm32f7xx.o
                0x00000000200002e0                SystemCoreClock
 .data.uwTickPrio
                0x00000000200002e4        0x4 ./Drivers/STM32F7xx_HAL_Driver/Src/stm32f7xx_hal.o
                0x00000000200002e4                uwTickPrio
 .data.uwTickFreq
                0x00000000200002e8        0x1 ./Drivers/STM32F7xx_HAL_Driver/Src/stm32f7xx_hal.o
                0x00000000200002e8                uwTickFreq
 *fill*         0x00000000200002e9        0x3 
 .data._impure_ptr
                0x00000000200002ec        0x4 d:/software/stm32cubeide_1.12.0/stm32cubeide/plugins/com.st.stm32cube.ide.mcu.externaltools.gnu-tools-for-stm32.10.3-2021.10.win32_1.0.200.202301161003/tools/bin/../lib/gcc/arm-none-eabi/10.3.1/../../../../arm-none-eabi/lib/thumb/v7e-m+dp/hard\libc_nano.a(lib_a-impure.o)
                0x00000000200002ec                _impure_ptr
 .data.impure_data
                0x00000000200002f0       0x60 d:/software/stm32cubeide_1.12.0/stm32cubeide/plugins/com.st.stm32cube.ide.mcu.externaltools.gnu-tools-for-stm32.10.3-2021.10.win32_1.0.200.202301161003/tools/bin/../lib/gcc/arm-none-eabi/10.3.1/../../../../arm-none-eabi/lib/thumb/v7e-m+dp/hard\libc_nano.a(lib_a-impure.o)
 *(.RamFunc)
 *(.RamFunc*)
                0x0000000020000350                . = ALIGN (0x4)
                0x0000000020000350                _edata = .

.igot.plt       0x0000000020000350        0x0 load address 0x000000000800647c
 .igot.plt      0x0000000020000350        0x0 d:/software/stm32cubeide_1.12.0/stm32cubeide/plugins/com.st.stm32cube.ide.mcu.externaltools.gnu-tools-for-stm32.10.3-2021.10.win32_1.0.200.202301161003/tools/bin/../lib/gcc/arm-none-eabi/10.3.1/thumb/v7e-m+dp/hard/crtbegin.o
                0x0000000020000350                . = ALIGN (0x4)

.bss            0x0000000020000350     0x1444 load address 0x000000000800647c
                0x0000000020000350                _sbss = .
                0x0000000020000350                __bss_start__ = _sbss
 *(.bss)
 .bss           0x0000000020000350       0x1c d:/software/stm32cubeide_1.12.0/stm32cubeide/plugins/com.st.stm32cube.ide.mcu.externaltools.gnu-tools-for-stm32.10.3-2021.10.win32_1.0.200.202301161003/tools/bin/../lib/gcc/arm-none-eabi/10.3.1/thumb/v7e-m+dp/hard/crtbegin.o
 *(.bss*)
 .bss.htim1     0x000000002000036c       0x4c ./Core/Src/main.o
                0x000000002000036c                htim1
 .bss.huart5    0x00000000200003b8       0x88 ./Core/Src/main.o
                0x00000000200003b8                huart5
 .bss.huart7    0x0000000020000440       0x88 ./Core/Src/main.o
                0x0000000020000440                huart7
 .bss.huart3    0x00000000200004c8       0x88 ./Core/Src/main.o
                0x00000000200004c8                huart3
 .bss.radar_rxDataFlag
                0x0000000020000550        0x4 ./Core/Src/main.o
                0x0000000020000550                radar_rxDataFlag
 .bss.radar_rxDataCnt
                0x0000000020000554        0x4 ./Core/Src/main.o
                0x0000000020000554                radar_rxDataCnt
 .bss.radar_rxDataBuf
                0x0000000020000558      0x7d0 ./Core/Src/main.o
                0x0000000020000558                radar_rxDataBuf
 .bss.radar_rxDataTemp
                0x0000000020000d28        0x8 ./Core/Src/main.o
                0x0000000020000d28                radar_rxDataTemp
 .bss.radar_rxDataBufTemp
                0x0000000020000d30        0x1 ./Core/Src/main.o
                0x0000000020000d30                radar_rxDataBufTemp
 *fill*         0x0000000020000d31        0x3 
 .bss.radar_pointDetacted
                0x0000000020000d34      0x1e0 ./Core/Src/main.o
                0x0000000020000d34                radar_pointDetacted
 .bss.radar_rangeProfile
                0x0000000020000f14      0x800 ./Core/Src/main.o
                0x0000000020000f14                radar_rangeProfile
 .bss.radar_temperature
                0x0000000020001714       0x28 ./Core/Src/main.o
                0x0000000020001714                radar_temperature
 .bss.radar_timeInfo
                0x000000002000173c       0x20 ./Core/Src/main.o
                0x000000002000173c                radar_timeInfo
 .bss.radar_packData
                0x000000002000175c       0x20 ./Core/Src/main.o
                0x000000002000175c                radar_packData
 .bss.__sbrk_heap_end
                0x000000002000177c        0x4 ./Core/Src/sysmem.o
 .bss.uwTick    0x0000000020001780        0x4 ./Drivers/STM32F7xx_HAL_Driver/Src/stm32f7xx_hal.o
                0x0000000020001780                uwTick
 .bss.__lock___malloc_recursive_mutex
                0x0000000020001784        0x1 d:/software/stm32cubeide_1.12.0/stm32cubeide/plugins/com.st.stm32cube.ide.mcu.externaltools.gnu-tools-for-stm32.10.3-2021.10.win32_1.0.200.202301161003/tools/bin/../lib/gcc/arm-none-eabi/10.3.1/../../../../arm-none-eabi/lib/thumb/v7e-m+dp/hard\libc_nano.a(lib_a-lock.o)
                0x0000000020001784                __lock___malloc_recursive_mutex
 .bss.__lock___sfp_recursive_mutex
                0x0000000020001785        0x1 d:/software/stm32cubeide_1.12.0/stm32cubeide/plugins/com.st.stm32cube.ide.mcu.externaltools.gnu-tools-for-stm32.10.3-2021.10.win32_1.0.200.202301161003/tools/bin/../lib/gcc/arm-none-eabi/10.3.1/../../../../arm-none-eabi/lib/thumb/v7e-m+dp/hard\libc_nano.a(lib_a-lock.o)
                0x0000000020001785                __lock___sfp_recursive_mutex
 .bss.__lock___sinit_recursive_mutex
                0x0000000020001786        0x1 d:/software/stm32cubeide_1.12.0/stm32cubeide/plugins/com.st.stm32cube.ide.mcu.externaltools.gnu-tools-for-stm32.10.3-2021.10.win32_1.0.200.202301161003/tools/bin/../lib/gcc/arm-none-eabi/10.3.1/../../../../arm-none-eabi/lib/thumb/v7e-m+dp/hard\libc_nano.a(lib_a-lock.o)
                0x0000000020001786                __lock___sinit_recursive_mutex
 *fill*         0x0000000020001787        0x1 
 .bss.__malloc_free_list
                0x0000000020001788        0x4 d:/software/stm32cubeide_1.12.0/stm32cubeide/plugins/com.st.stm32cube.ide.mcu.externaltools.gnu-tools-for-stm32.10.3-2021.10.win32_1.0.200.202301161003/tools/bin/../lib/gcc/arm-none-eabi/10.3.1/../../../../arm-none-eabi/lib/thumb/v7e-m+dp/hard\libc_nano.a(lib_a-nano-mallocr.o)
                0x0000000020001788                __malloc_free_list
 .bss.__malloc_sbrk_start
                0x000000002000178c        0x4 d:/software/stm32cubeide_1.12.0/stm32cubeide/plugins/com.st.stm32cube.ide.mcu.externaltools.gnu-tools-for-stm32.10.3-2021.10.win32_1.0.200.202301161003/tools/bin/../lib/gcc/arm-none-eabi/10.3.1/../../../../arm-none-eabi/lib/thumb/v7e-m+dp/hard\libc_nano.a(lib_a-nano-mallocr.o)
                0x000000002000178c                __malloc_sbrk_start
 .bss.errno     0x0000000020001790        0x4 d:/software/stm32cubeide_1.12.0/stm32cubeide/plugins/com.st.stm32cube.ide.mcu.externaltools.gnu-tools-for-stm32.10.3-2021.10.win32_1.0.200.202301161003/tools/bin/../lib/gcc/arm-none-eabi/10.3.1/../../../../arm-none-eabi/lib/thumb/v7e-m+dp/hard\libc_nano.a(lib_a-reent.o)
                0x0000000020001790                errno
 *(COMMON)
                0x0000000020001794                . = ALIGN (0x4)
                0x0000000020001794                _ebss = .
                0x0000000020001794                __bss_end__ = _ebss

._user_heap_stack
                0x0000000020001794      0x604 load address 0x000000000800647c
                0x0000000020001798                . = ALIGN (0x8)
 *fill*         0x0000000020001794        0x4 
                [!provide]                        PROVIDE (end = .)
                0x0000000020001798                PROVIDE (_end = .)
                0x0000000020001998                . = (. + _Min_Heap_Size)
 *fill*         0x0000000020001798      0x200 
                0x0000000020001d98                . = (. + _Min_Stack_Size)
 *fill*         0x0000000020001998      0x400 
                0x0000000020001d98                . = ALIGN (0x8)

/DISCARD/
 libc.a(*)
 libm.a(*)
 libgcc.a(*)

.ARM.attributes
                0x0000000000000000       0x2e
 *(.ARM.attributes)
 .ARM.attributes
                0x0000000000000000       0x1e d:/software/stm32cubeide_1.12.0/stm32cubeide/plugins/com.st.stm32cube.ide.mcu.externaltools.gnu-tools-for-stm32.10.3-2021.10.win32_1.0.200.202301161003/tools/bin/../lib/gcc/arm-none-eabi/10.3.1/thumb/v7e-m+dp/hard/crti.o
 .ARM.attributes
                0x000000000000001e       0x32 d:/software/stm32cubeide_1.12.0/stm32cubeide/plugins/com.st.stm32cube.ide.mcu.externaltools.gnu-tools-for-stm32.10.3-2021.10.win32_1.0.200.202301161003/tools/bin/../lib/gcc/arm-none-eabi/10.3.1/thumb/v7e-m+dp/hard/crtbegin.o
 .ARM.attributes
                0x0000000000000050       0x32 ./Core/Src/main.o
 .ARM.attributes
                0x0000000000000082       0x32 ./Core/Src/stm32f7xx_hal_msp.o
 .ARM.attributes
                0x00000000000000b4       0x32 ./Core/Src/stm32f7xx_it.o
 .ARM.attributes
                0x00000000000000e6       0x32 ./Core/Src/syscalls.o
 .ARM.attributes
                0x0000000000000118       0x32 ./Core/Src/sysmem.o
 .ARM.attributes
                0x000000000000014a       0x32 ./Core/Src/system_stm32f7xx.o
 .ARM.attributes
                0x000000000000017c       0x21 ./Core/Startup/startup_stm32f767igtx.o
 .ARM.attributes
                0x000000000000019d       0x32 ./Drivers/STM32F7xx_HAL_Driver/Src/stm32f7xx_hal.o
 .ARM.attributes
                0x00000000000001cf       0x32 ./Drivers/STM32F7xx_HAL_Driver/Src/stm32f7xx_hal_cortex.o
 .ARM.attributes
                0x0000000000000201       0x32 ./Drivers/STM32F7xx_HAL_Driver/Src/stm32f7xx_hal_dma.o
 .ARM.attributes
                0x0000000000000233       0x32 ./Drivers/STM32F7xx_HAL_Driver/Src/stm32f7xx_hal_gpio.o
 .ARM.attributes
                0x0000000000000265       0x32 ./Drivers/STM32F7xx_HAL_Driver/Src/stm32f7xx_hal_pwr.o
 .ARM.attributes
                0x0000000000000297       0x32 ./Drivers/STM32F7xx_HAL_Driver/Src/stm32f7xx_hal_pwr_ex.o
 .ARM.attributes
                0x00000000000002c9       0x32 ./Drivers/STM32F7xx_HAL_Driver/Src/stm32f7xx_hal_rcc.o
 .ARM.attributes
                0x00000000000002fb       0x32 ./Drivers/STM32F7xx_HAL_Driver/Src/stm32f7xx_hal_rcc_ex.o
 .ARM.attributes
                0x000000000000032d       0x32 ./Drivers/STM32F7xx_HAL_Driver/Src/stm32f7xx_hal_tim.o
 .ARM.attributes
                0x000000000000035f       0x32 ./Drivers/STM32F7xx_HAL_Driver/Src/stm32f7xx_hal_tim_ex.o
 .ARM.attributes
                0x0000000000000391       0x32 ./Drivers/STM32F7xx_HAL_Driver/Src/stm32f7xx_hal_uart.o
 .ARM.attributes
                0x00000000000003c3       0x32 d:/software/stm32cubeide_1.12.0/stm32cubeide/plugins/com.st.stm32cube.ide.mcu.externaltools.gnu-tools-for-stm32.10.3-2021.10.win32_1.0.200.202301161003/tools/bin/../lib/gcc/arm-none-eabi/10.3.1/../../../../arm-none-eabi/lib/thumb/v7e-m+dp/hard\libc_nano.a(lib_a-errno.o)
 .ARM.attributes
                0x00000000000003f5       0x32 d:/software/stm32cubeide_1.12.0/stm32cubeide/plugins/com.st.stm32cube.ide.mcu.externaltools.gnu-tools-for-stm32.10.3-2021.10.win32_1.0.200.202301161003/tools/bin/../lib/gcc/arm-none-eabi/10.3.1/../../../../arm-none-eabi/lib/thumb/v7e-m+dp/hard\libc_nano.a(lib_a-impure.o)
 .ARM.attributes
                0x0000000000000427       0x32 d:/software/stm32cubeide_1.12.0/stm32cubeide/plugins/com.st.stm32cube.ide.mcu.externaltools.gnu-tools-for-stm32.10.3-2021.10.win32_1.0.200.202301161003/tools/bin/../lib/gcc/arm-none-eabi/10.3.1/../../../../arm-none-eabi/lib/thumb/v7e-m+dp/hard\libc_nano.a(lib_a-init.o)
 .ARM.attributes
                0x0000000000000459       0x32 d:/software/stm32cubeide_1.12.0/stm32cubeide/plugins/com.st.stm32cube.ide.mcu.externaltools.gnu-tools-for-stm32.10.3-2021.10.win32_1.0.200.202301161003/tools/bin/../lib/gcc/arm-none-eabi/10.3.1/../../../../arm-none-eabi/lib/thumb/v7e-m+dp/hard\libc_nano.a(lib_a-memcpy-stub.o)
 .ARM.attributes
                0x000000000000048b       0x32 d:/software/stm32cubeide_1.12.0/stm32cubeide/plugins/com.st.stm32cube.ide.mcu.externaltools.gnu-tools-for-stm32.10.3-2021.10.win32_1.0.200.202301161003/tools/bin/../lib/gcc/arm-none-eabi/10.3.1/../../../../arm-none-eabi/lib/thumb/v7e-m+dp/hard\libc_nano.a(lib_a-memset.o)
 .ARM.attributes
                0x00000000000004bd       0x32 d:/software/stm32cubeide_1.12.0/stm32cubeide/plugins/com.st.stm32cube.ide.mcu.externaltools.gnu-tools-for-stm32.10.3-2021.10.win32_1.0.200.202301161003/tools/bin/../lib/gcc/arm-none-eabi/10.3.1/../../../../arm-none-eabi/lib/thumb/v7e-m+dp/hard\libc_nano.a(lib_a-printf.o)
 .ARM.attributes
                0x00000000000004ef       0x32 d:/software/stm32cubeide_1.12.0/stm32cubeide/plugins/com.st.stm32cube.ide.mcu.externaltools.gnu-tools-for-stm32.10.3-2021.10.win32_1.0.200.202301161003/tools/bin/../lib/gcc/arm-none-eabi/10.3.1/../../../../arm-none-eabi/lib/thumb/v7e-m+dp/hard\libc_nano.a(lib_a-findfp.o)
 .ARM.attributes
                0x0000000000000521       0x32 d:/software/stm32cubeide_1.12.0/stm32cubeide/plugins/com.st.stm32cube.ide.mcu.externaltools.gnu-tools-for-stm32.10.3-2021.10.win32_1.0.200.202301161003/tools/bin/../lib/gcc/arm-none-eabi/10.3.1/../../../../arm-none-eabi/lib/thumb/v7e-m+dp/hard\libc_nano.a(lib_a-fwalk.o)
 .ARM.attributes
                0x0000000000000553       0x32 d:/software/stm32cubeide_1.12.0/stm32cubeide/plugins/com.st.stm32cube.ide.mcu.externaltools.gnu-tools-for-stm32.10.3-2021.10.win32_1.0.200.202301161003/tools/bin/../lib/gcc/arm-none-eabi/10.3.1/../../../../arm-none-eabi/lib/thumb/v7e-m+dp/hard\libc_nano.a(lib_a-lock.o)
 .ARM.attributes
                0x0000000000000585       0x32 d:/software/stm32cubeide_1.12.0/stm32cubeide/plugins/com.st.stm32cube.ide.mcu.externaltools.gnu-tools-for-stm32.10.3-2021.10.win32_1.0.200.202301161003/tools/bin/../lib/gcc/arm-none-eabi/10.3.1/../../../../arm-none-eabi/lib/thumb/v7e-m+dp/hard\libc_nano.a(lib_a-nano-mallocr.o)
 .ARM.attributes
                0x00000000000005b7       0x32 d:/software/stm32cubeide_1.12.0/stm32cubeide/plugins/com.st.stm32cube.ide.mcu.externaltools.gnu-tools-for-stm32.10.3-2021.10.win32_1.0.200.202301161003/tools/bin/../lib/gcc/arm-none-eabi/10.3.1/../../../../arm-none-eabi/lib/thumb/v7e-m+dp/hard\libc_nano.a(lib_a-nano-vfprintf.o)
 .ARM.attributes
                0x00000000000005e9       0x32 d:/software/stm32cubeide_1.12.0/stm32cubeide/plugins/com.st.stm32cube.ide.mcu.externaltools.gnu-tools-for-stm32.10.3-2021.10.win32_1.0.200.202301161003/tools/bin/../lib/gcc/arm-none-eabi/10.3.1/../../../../arm-none-eabi/lib/thumb/v7e-m+dp/hard\libc_nano.a(lib_a-nano-vfprintf_i.o)
 .ARM.attributes
                0x000000000000061b       0x32 d:/software/stm32cubeide_1.12.0/stm32cubeide/plugins/com.st.stm32cube.ide.mcu.externaltools.gnu-tools-for-stm32.10.3-2021.10.win32_1.0.200.202301161003/tools/bin/../lib/gcc/arm-none-eabi/10.3.1/../../../../arm-none-eabi/lib/thumb/v7e-m+dp/hard\libc_nano.a(lib_a-sbrkr.o)
 .ARM.attributes
                0x000000000000064d       0x32 d:/software/stm32cubeide_1.12.0/stm32cubeide/plugins/com.st.stm32cube.ide.mcu.externaltools.gnu-tools-for-stm32.10.3-2021.10.win32_1.0.200.202301161003/tools/bin/../lib/gcc/arm-none-eabi/10.3.1/../../../../arm-none-eabi/lib/thumb/v7e-m+dp/hard\libc_nano.a(lib_a-stdio.o)
 .ARM.attributes
                0x000000000000067f       0x32 d:/software/stm32cubeide_1.12.0/stm32cubeide/plugins/com.st.stm32cube.ide.mcu.externaltools.gnu-tools-for-stm32.10.3-2021.10.win32_1.0.200.202301161003/tools/bin/../lib/gcc/arm-none-eabi/10.3.1/../../../../arm-none-eabi/lib/thumb/v7e-m+dp/hard\libc_nano.a(lib_a-wbuf.o)
 .ARM.attributes
                0x00000000000006b1       0x32 d:/software/stm32cubeide_1.12.0/stm32cubeide/plugins/com.st.stm32cube.ide.mcu.externaltools.gnu-tools-for-stm32.10.3-2021.10.win32_1.0.200.202301161003/tools/bin/../lib/gcc/arm-none-eabi/10.3.1/../../../../arm-none-eabi/lib/thumb/v7e-m+dp/hard\libc_nano.a(lib_a-writer.o)
 .ARM.attributes
                0x00000000000006e3       0x32 d:/software/stm32cubeide_1.12.0/stm32cubeide/plugins/com.st.stm32cube.ide.mcu.externaltools.gnu-tools-for-stm32.10.3-2021.10.win32_1.0.200.202301161003/tools/bin/../lib/gcc/arm-none-eabi/10.3.1/../../../../arm-none-eabi/lib/thumb/v7e-m+dp/hard\libc_nano.a(lib_a-wsetup.o)
 .ARM.attributes
                0x0000000000000715       0x32 d:/software/stm32cubeide_1.12.0/stm32cubeide/plugins/com.st.stm32cube.ide.mcu.externaltools.gnu-tools-for-stm32.10.3-2021.10.win32_1.0.200.202301161003/tools/bin/../lib/gcc/arm-none-eabi/10.3.1/../../../../arm-none-eabi/lib/thumb/v7e-m+dp/hard\libc_nano.a(lib_a-closer.o)
 .ARM.attributes
                0x0000000000000747       0x32 d:/software/stm32cubeide_1.12.0/stm32cubeide/plugins/com.st.stm32cube.ide.mcu.externaltools.gnu-tools-for-stm32.10.3-2021.10.win32_1.0.200.202301161003/tools/bin/../lib/gcc/arm-none-eabi/10.3.1/../../../../arm-none-eabi/lib/thumb/v7e-m+dp/hard\libc_nano.a(lib_a-fflush.o)
 .ARM.attributes
                0x0000000000000779       0x32 d:/software/stm32cubeide_1.12.0/stm32cubeide/plugins/com.st.stm32cube.ide.mcu.externaltools.gnu-tools-for-stm32.10.3-2021.10.win32_1.0.200.202301161003/tools/bin/../lib/gcc/arm-none-eabi/10.3.1/../../../../arm-none-eabi/lib/thumb/v7e-m+dp/hard\libc_nano.a(lib_a-lseekr.o)
 .ARM.attributes
                0x00000000000007ab       0x32 d:/software/stm32cubeide_1.12.0/stm32cubeide/plugins/com.st.stm32cube.ide.mcu.externaltools.gnu-tools-for-stm32.10.3-2021.10.win32_1.0.200.202301161003/tools/bin/../lib/gcc/arm-none-eabi/10.3.1/../../../../arm-none-eabi/lib/thumb/v7e-m+dp/hard\libc_nano.a(lib_a-makebuf.o)
 .ARM.attributes
                0x00000000000007dd       0x1c d:/software/stm32cubeide_1.12.0/stm32cubeide/plugins/com.st.stm32cube.ide.mcu.externaltools.gnu-tools-for-stm32.10.3-2021.10.win32_1.0.200.202301161003/tools/bin/../lib/gcc/arm-none-eabi/10.3.1/../../../../arm-none-eabi/lib/thumb/v7e-m+dp/hard\libc_nano.a(lib_a-memchr.o)
 .ARM.attributes
                0x00000000000007f9       0x32 d:/software/stm32cubeide_1.12.0/stm32cubeide/plugins/com.st.stm32cube.ide.mcu.externaltools.gnu-tools-for-stm32.10.3-2021.10.win32_1.0.200.202301161003/tools/bin/../lib/gcc/arm-none-eabi/10.3.1/../../../../arm-none-eabi/lib/thumb/v7e-m+dp/hard\libc_nano.a(lib_a-mlock.o)
 .ARM.attributes
                0x000000000000082b       0x32 d:/software/stm32cubeide_1.12.0/stm32cubeide/plugins/com.st.stm32cube.ide.mcu.externaltools.gnu-tools-for-stm32.10.3-2021.10.win32_1.0.200.202301161003/tools/bin/../lib/gcc/arm-none-eabi/10.3.1/../../../../arm-none-eabi/lib/thumb/v7e-m+dp/hard\libc_nano.a(lib_a-nano-freer.o)
 .ARM.attributes
                0x000000000000085d       0x32 d:/software/stm32cubeide_1.12.0/stm32cubeide/plugins/com.st.stm32cube.ide.mcu.externaltools.gnu-tools-for-stm32.10.3-2021.10.win32_1.0.200.202301161003/tools/bin/../lib/gcc/arm-none-eabi/10.3.1/../../../../arm-none-eabi/lib/thumb/v7e-m+dp/hard\libc_nano.a(lib_a-readr.o)
 .ARM.attributes
                0x000000000000088f       0x32 d:/software/stm32cubeide_1.12.0/stm32cubeide/plugins/com.st.stm32cube.ide.mcu.externaltools.gnu-tools-for-stm32.10.3-2021.10.win32_1.0.200.202301161003/tools/bin/../lib/gcc/arm-none-eabi/10.3.1/../../../../arm-none-eabi/lib/thumb/v7e-m+dp/hard\libc_nano.a(lib_a-reent.o)
 .ARM.attributes
                0x00000000000008c1       0x32 d:/software/stm32cubeide_1.12.0/stm32cubeide/plugins/com.st.stm32cube.ide.mcu.externaltools.gnu-tools-for-stm32.10.3-2021.10.win32_1.0.200.202301161003/tools/bin/../lib/gcc/arm-none-eabi/10.3.1/../../../../arm-none-eabi/lib/thumb/v7e-m+dp/hard\libc_nano.a(lib_a-fstatr.o)
 .ARM.attributes
                0x00000000000008f3       0x32 d:/software/stm32cubeide_1.12.0/stm32cubeide/plugins/com.st.stm32cube.ide.mcu.externaltools.gnu-tools-for-stm32.10.3-2021.10.win32_1.0.200.202301161003/tools/bin/../lib/gcc/arm-none-eabi/10.3.1/../../../../arm-none-eabi/lib/thumb/v7e-m+dp/hard\libc_nano.a(lib_a-isattyr.o)
 .ARM.attributes
                0x0000000000000925       0x1e d:/software/stm32cubeide_1.12.0/stm32cubeide/plugins/com.st.stm32cube.ide.mcu.externaltools.gnu-tools-for-stm32.10.3-2021.10.win32_1.0.200.202301161003/tools/bin/../lib/gcc/arm-none-eabi/10.3.1/thumb/v7e-m+dp/hard\libgcc.a(_aeabi_uldivmod.o)
 .ARM.attributes
                0x0000000000000943       0x32 d:/software/stm32cubeide_1.12.0/stm32cubeide/plugins/com.st.stm32cube.ide.mcu.externaltools.gnu-tools-for-stm32.10.3-2021.10.win32_1.0.200.202301161003/tools/bin/../lib/gcc/arm-none-eabi/10.3.1/thumb/v7e-m+dp/hard\libgcc.a(_udivmoddi4.o)
 .ARM.attributes
                0x0000000000000975       0x1e d:/software/stm32cubeide_1.12.0/stm32cubeide/plugins/com.st.stm32cube.ide.mcu.externaltools.gnu-tools-for-stm32.10.3-2021.10.win32_1.0.200.202301161003/tools/bin/../lib/gcc/arm-none-eabi/10.3.1/thumb/v7e-m+dp/hard\libgcc.a(_dvmd_tls.o)
 .ARM.attributes
                0x0000000000000993       0x1e d:/software/stm32cubeide_1.12.0/stm32cubeide/plugins/com.st.stm32cube.ide.mcu.externaltools.gnu-tools-for-stm32.10.3-2021.10.win32_1.0.200.202301161003/tools/bin/../lib/gcc/arm-none-eabi/10.3.1/thumb/v7e-m+dp/hard/crtn.o
OUTPUT(mmwave radar.elf elf32-littlearm)
LOAD linker stubs
LOAD d:/software/stm32cubeide_1.12.0/stm32cubeide/plugins/com.st.stm32cube.ide.mcu.externaltools.gnu-tools-for-stm32.10.3-2021.10.win32_1.0.200.202301161003/tools/bin/../lib/gcc/arm-none-eabi/10.3.1/../../../../arm-none-eabi/lib/thumb/v7e-m+dp/hard\libc.a
LOAD d:/software/stm32cubeide_1.12.0/stm32cubeide/plugins/com.st.stm32cube.ide.mcu.externaltools.gnu-tools-for-stm32.10.3-2021.10.win32_1.0.200.202301161003/tools/bin/../lib/gcc/arm-none-eabi/10.3.1/../../../../arm-none-eabi/lib/thumb/v7e-m+dp/hard\libm.a
LOAD d:/software/stm32cubeide_1.12.0/stm32cubeide/plugins/com.st.stm32cube.ide.mcu.externaltools.gnu-tools-for-stm32.10.3-2021.10.win32_1.0.200.202301161003/tools/bin/../lib/gcc/arm-none-eabi/10.3.1/thumb/v7e-m+dp/hard\libgcc.a

.debug_info     0x0000000000000000    0x11b3b
 .debug_info    0x0000000000000000     0x18fe ./Core/Src/main.o
 .debug_info    0x00000000000018fe     0x14de ./Core/Src/stm32f7xx_hal_msp.o
 .debug_info    0x0000000000002ddc      0xb51 ./Core/Src/stm32f7xx_it.o
 .debug_info    0x000000000000392d      0x6e0 ./Core/Src/syscalls.o
 .debug_info    0x000000000000400d      0x171 ./Core/Src/sysmem.o
 .debug_info    0x000000000000417e      0x72c ./Core/Src/system_stm32f7xx.o
 .debug_info    0x00000000000048aa       0x22 ./Core/Startup/startup_stm32f767igtx.o
 .debug_info    0x00000000000048cc      0xa82 ./Drivers/STM32F7xx_HAL_Driver/Src/stm32f7xx_hal.o
 .debug_info    0x000000000000534e     0x109c ./Drivers/STM32F7xx_HAL_Driver/Src/stm32f7xx_hal_cortex.o
 .debug_info    0x00000000000063ea      0x94f ./Drivers/STM32F7xx_HAL_Driver/Src/stm32f7xx_hal_dma.o
 .debug_info    0x0000000000006d39      0x7a2 ./Drivers/STM32F7xx_HAL_Driver/Src/stm32f7xx_hal_gpio.o
 .debug_info    0x00000000000074db      0x978 ./Drivers/STM32F7xx_HAL_Driver/Src/stm32f7xx_hal_pwr.o
 .debug_info    0x0000000000007e53      0x92e ./Drivers/STM32F7xx_HAL_Driver/Src/stm32f7xx_hal_pwr_ex.o
 .debug_info    0x0000000000008781      0x9f8 ./Drivers/STM32F7xx_HAL_Driver/Src/stm32f7xx_hal_rcc.o
 .debug_info    0x0000000000009179      0x78b ./Drivers/STM32F7xx_HAL_Driver/Src/stm32f7xx_hal_rcc_ex.o
 .debug_info    0x0000000000009904     0x2d3e ./Drivers/STM32F7xx_HAL_Driver/Src/stm32f7xx_hal_tim.o
 .debug_info    0x000000000000c642     0x1805 ./Drivers/STM32F7xx_HAL_Driver/Src/stm32f7xx_hal_tim_ex.o
 .debug_info    0x000000000000de47     0x3cf4 ./Drivers/STM32F7xx_HAL_Driver/Src/stm32f7xx_hal_uart.o

.debug_abbrev   0x0000000000000000     0x2399
 .debug_abbrev  0x0000000000000000      0x375 ./Core/Src/main.o
 .debug_abbrev  0x0000000000000375      0x1f6 ./Core/Src/stm32f7xx_hal_msp.o
 .debug_abbrev  0x000000000000056b      0x18b ./Core/Src/stm32f7xx_it.o
 .debug_abbrev  0x00000000000006f6      0x1b3 ./Core/Src/syscalls.o
 .debug_abbrev  0x00000000000008a9       0xbb ./Core/Src/sysmem.o
 .debug_abbrev  0x0000000000000964      0x136 ./Core/Src/system_stm32f7xx.o
 .debug_abbrev  0x0000000000000a9a       0x12 ./Core/Startup/startup_stm32f767igtx.o
 .debug_abbrev  0x0000000000000aac      0x20d ./Drivers/STM32F7xx_HAL_Driver/Src/stm32f7xx_hal.o
 .debug_abbrev  0x0000000000000cb9      0x316 ./Drivers/STM32F7xx_HAL_Driver/Src/stm32f7xx_hal_cortex.o
 .debug_abbrev  0x0000000000000fcf      0x25b ./Drivers/STM32F7xx_HAL_Driver/Src/stm32f7xx_hal_dma.o
 .debug_abbrev  0x000000000000122a      0x1c4 ./Drivers/STM32F7xx_HAL_Driver/Src/stm32f7xx_hal_gpio.o
 .debug_abbrev  0x00000000000013ee      0x1b8 ./Drivers/STM32F7xx_HAL_Driver/Src/stm32f7xx_hal_pwr.o
 .debug_abbrev  0x00000000000015a6      0x1cb ./Drivers/STM32F7xx_HAL_Driver/Src/stm32f7xx_hal_pwr_ex.o
 .debug_abbrev  0x0000000000001771      0x2d1 ./Drivers/STM32F7xx_HAL_Driver/Src/stm32f7xx_hal_rcc.o
 .debug_abbrev  0x0000000000001a42      0x1b9 ./Drivers/STM32F7xx_HAL_Driver/Src/stm32f7xx_hal_rcc_ex.o
 .debug_abbrev  0x0000000000001bfb      0x264 ./Drivers/STM32F7xx_HAL_Driver/Src/stm32f7xx_hal_tim.o
 .debug_abbrev  0x0000000000001e5f      0x26c ./Drivers/STM32F7xx_HAL_Driver/Src/stm32f7xx_hal_tim_ex.o
 .debug_abbrev  0x00000000000020cb      0x2ce ./Drivers/STM32F7xx_HAL_Driver/Src/stm32f7xx_hal_uart.o

.debug_aranges  0x0000000000000000      0xf20
 .debug_aranges
                0x0000000000000000       0xc0 ./Core/Src/main.o
 .debug_aranges
                0x00000000000000c0       0x40 ./Core/Src/stm32f7xx_hal_msp.o
 .debug_aranges
                0x0000000000000100       0x70 ./Core/Src/stm32f7xx_it.o
 .debug_aranges
                0x0000000000000170       0xa8 ./Core/Src/syscalls.o
 .debug_aranges
                0x0000000000000218       0x20 ./Core/Src/sysmem.o
 .debug_aranges
                0x0000000000000238       0x28 ./Core/Src/system_stm32f7xx.o
 .debug_aranges
                0x0000000000000260       0x28 ./Core/Startup/startup_stm32f767igtx.o
 .debug_aranges
                0x0000000000000288      0x110 ./Drivers/STM32F7xx_HAL_Driver/Src/stm32f7xx_hal.o
 .debug_aranges
                0x0000000000000398      0x118 ./Drivers/STM32F7xx_HAL_Driver/Src/stm32f7xx_hal_cortex.o
 .debug_aranges
                0x00000000000004b0       0x90 ./Drivers/STM32F7xx_HAL_Driver/Src/stm32f7xx_hal_dma.o
 .debug_aranges
                0x0000000000000540       0x58 ./Drivers/STM32F7xx_HAL_Driver/Src/stm32f7xx_hal_gpio.o
 .debug_aranges
                0x0000000000000598       0xa0 ./Drivers/STM32F7xx_HAL_Driver/Src/stm32f7xx_hal_pwr.o
 .debug_aranges
                0x0000000000000638       0x80 ./Drivers/STM32F7xx_HAL_Driver/Src/stm32f7xx_hal_pwr_ex.o
 .debug_aranges
                0x00000000000006b8       0x88 ./Drivers/STM32F7xx_HAL_Driver/Src/stm32f7xx_hal_rcc.o
 .debug_aranges
                0x0000000000000740       0x50 ./Drivers/STM32F7xx_HAL_Driver/Src/stm32f7xx_hal_rcc_ex.o
 .debug_aranges
                0x0000000000000790      0x3e0 ./Drivers/STM32F7xx_HAL_Driver/Src/stm32f7xx_hal_tim.o
 .debug_aranges
                0x0000000000000b70      0x180 ./Drivers/STM32F7xx_HAL_Driver/Src/stm32f7xx_hal_tim_ex.o
 .debug_aranges
                0x0000000000000cf0      0x230 ./Drivers/STM32F7xx_HAL_Driver/Src/stm32f7xx_hal_uart.o

.debug_ranges   0x0000000000000000      0xe38
 .debug_ranges  0x0000000000000000       0xb0 ./Core/Src/main.o
 .debug_ranges  0x00000000000000b0       0x30 ./Core/Src/stm32f7xx_hal_msp.o
 .debug_ranges  0x00000000000000e0       0x60 ./Core/Src/stm32f7xx_it.o
 .debug_ranges  0x0000000000000140       0x98 ./Core/Src/syscalls.o
 .debug_ranges  0x00000000000001d8       0x10 ./Core/Src/sysmem.o
 .debug_ranges  0x00000000000001e8       0x18 ./Core/Src/system_stm32f7xx.o
 .debug_ranges  0x0000000000000200       0x20 ./Core/Startup/startup_stm32f767igtx.o
 .debug_ranges  0x0000000000000220      0x100 ./Drivers/STM32F7xx_HAL_Driver/Src/stm32f7xx_hal.o
 .debug_ranges  0x0000000000000320      0x108 ./Drivers/STM32F7xx_HAL_Driver/Src/stm32f7xx_hal_cortex.o
 .debug_ranges  0x0000000000000428       0x80 ./Drivers/STM32F7xx_HAL_Driver/Src/stm32f7xx_hal_dma.o
 .debug_ranges  0x00000000000004a8       0x48 ./Drivers/STM32F7xx_HAL_Driver/Src/stm32f7xx_hal_gpio.o
 .debug_ranges  0x00000000000004f0       0x90 ./Drivers/STM32F7xx_HAL_Driver/Src/stm32f7xx_hal_pwr.o
 .debug_ranges  0x0000000000000580       0x70 ./Drivers/STM32F7xx_HAL_Driver/Src/stm32f7xx_hal_pwr_ex.o
 .debug_ranges  0x00000000000005f0       0x78 ./Drivers/STM32F7xx_HAL_Driver/Src/stm32f7xx_hal_rcc.o
 .debug_ranges  0x0000000000000668       0x40 ./Drivers/STM32F7xx_HAL_Driver/Src/stm32f7xx_hal_rcc_ex.o
 .debug_ranges  0x00000000000006a8      0x3d0 ./Drivers/STM32F7xx_HAL_Driver/Src/stm32f7xx_hal_tim.o
 .debug_ranges  0x0000000000000a78      0x170 ./Drivers/STM32F7xx_HAL_Driver/Src/stm32f7xx_hal_tim_ex.o
 .debug_ranges  0x0000000000000be8      0x250 ./Drivers/STM32F7xx_HAL_Driver/Src/stm32f7xx_hal_uart.o

.debug_macro    0x0000000000000000    0x28bcb
 .debug_macro   0x0000000000000000      0x387 ./Core/Src/main.o
 .debug_macro   0x0000000000000387      0xa90 ./Core/Src/main.o
 .debug_macro   0x0000000000000e17      0x293 ./Core/Src/main.o
 .debug_macro   0x00000000000010aa       0x2e ./Core/Src/main.o
 .debug_macro   0x00000000000010d8       0x3b ./Core/Src/main.o
 .debug_macro   0x0000000000001113       0x22 ./Core/Src/main.o
 .debug_macro   0x0000000000001135       0x8e ./Core/Src/main.o
 .debug_macro   0x00000000000011c3       0x51 ./Core/Src/main.o
 .debug_macro   0x0000000000001214      0x103 ./Core/Src/main.o
 .debug_macro   0x0000000000001317       0x6a ./Core/Src/main.o
 .debug_macro   0x0000000000001381      0x1df ./Core/Src/main.o
 .debug_macro   0x0000000000001560       0x1c ./Core/Src/main.o
 .debug_macro   0x000000000000157c       0x22 ./Core/Src/main.o
 .debug_macro   0x000000000000159e       0xd9 ./Core/Src/main.o
 .debug_macro   0x0000000000001677     0x12cd ./Core/Src/main.o
 .debug_macro   0x0000000000002944      0x11f ./Core/Src/main.o
 .debug_macro   0x0000000000002a63       0x19 ./Core/Src/main.o
 .debug_macro   0x0000000000002a7c    0x1aa0d ./Core/Src/main.o
 .debug_macro   0x000000000001d489       0x6d ./Core/Src/main.o
 .debug_macro   0x000000000001d4f6     0x3749 ./Core/Src/main.o
 .debug_macro   0x0000000000020c3f      0x174 ./Core/Src/main.o
 .debug_macro   0x0000000000020db3       0x63 ./Core/Src/main.o
 .debug_macro   0x0000000000020e16     0x1add ./Core/Src/main.o
 .debug_macro   0x00000000000228f3      0x6c4 ./Core/Src/main.o
 .debug_macro   0x0000000000022fb7      0x18b ./Core/Src/main.o
 .debug_macro   0x0000000000023142      0x115 ./Core/Src/main.o
 .debug_macro   0x0000000000023257      0x26e ./Core/Src/main.o
 .debug_macro   0x00000000000234c5       0xa5 ./Core/Src/main.o
 .debug_macro   0x000000000002356a      0x24f ./Core/Src/main.o
 .debug_macro   0x00000000000237b9       0x71 ./Core/Src/main.o
 .debug_macro   0x000000000002382a       0x58 ./Core/Src/main.o
 .debug_macro   0x0000000000023882      0x236 ./Core/Src/main.o
 .debug_macro   0x0000000000023ab8      0x14e ./Core/Src/main.o
 .debug_macro   0x0000000000023c06      0x3db ./Core/Src/main.o
 .debug_macro   0x0000000000023fe1       0x12 ./Core/Src/main.o
 .debug_macro   0x0000000000023ff3      0x22c ./Core/Src/main.o
 .debug_macro   0x000000000002421f       0x61 ./Core/Src/main.o
 .debug_macro   0x0000000000024280       0xa5 ./Core/Src/main.o
 .debug_macro   0x0000000000024325      0x12e ./Core/Src/main.o
 .debug_macro   0x0000000000024453      0x108 ./Core/Src/main.o
 .debug_macro   0x000000000002455b       0x35 ./Core/Src/main.o
 .debug_macro   0x0000000000024590      0xa8a ./Core/Src/main.o
 .debug_macro   0x000000000002501a       0xa9 ./Core/Src/main.o
 .debug_macro   0x00000000000250c3      0x5ba ./Core/Src/main.o
 .debug_macro   0x000000000002567d       0x44 ./Core/Src/main.o
 .debug_macro   0x00000000000256c1      0x15b ./Core/Src/main.o
 .debug_macro   0x000000000002581c       0x1c ./Core/Src/main.o
 .debug_macro   0x0000000000025838       0x52 ./Core/Src/main.o
 .debug_macro   0x000000000002588a       0x1d ./Core/Src/main.o
 .debug_macro   0x00000000000258a7       0x3c ./Core/Src/main.o
 .debug_macro   0x00000000000258e3       0x34 ./Core/Src/main.o
 .debug_macro   0x0000000000025917       0x16 ./Core/Src/main.o
 .debug_macro   0x000000000002592d       0x43 ./Core/Src/main.o
 .debug_macro   0x0000000000025970       0x34 ./Core/Src/main.o
 .debug_macro   0x00000000000259a4       0x10 ./Core/Src/main.o
 .debug_macro   0x00000000000259b4       0x58 ./Core/Src/main.o
 .debug_macro   0x0000000000025a0c       0x71 ./Core/Src/main.o
 .debug_macro   0x0000000000025a7d       0x1c ./Core/Src/main.o
 .debug_macro   0x0000000000025a99      0x12a ./Core/Src/main.o
 .debug_macro   0x0000000000025bc3      0x341 ./Core/Src/main.o
 .debug_macro   0x0000000000025f04       0x10 ./Core/Src/main.o
 .debug_macro   0x0000000000025f14       0x35 ./Core/Src/main.o
 .debug_macro   0x0000000000025f49       0x20 ./Core/Src/main.o
 .debug_macro   0x0000000000025f69       0x1c ./Core/Src/main.o