<html>
<body>
<pre>
<h1>礦ision Build Log</h1>
<h2>Project:</h2>
C:\Users\67004\Desktop\麦轮小车用户资料V2.42\2 实验例程\四路直流电机控制板例程\32 航模RC遥控器遥控麦轮车\PROJECT\FreeLink_Project.uvproj
Project File Date:  04/13/2020

<h2>Output:</h2>
Build target 'Target 1'
compiling main.c...
compiling UI.c...
compiling Control.c...
compiling Data_Transfer.c...
compiling delay.c...
compiling sys.c...
assembling startup_stm32f10x_hd.s...
compiling led.c...
compiling key.c...
compiling timer.c...
compiling dma.c...
compiling adc.c...
compiling stmflash.c...
compiling usart.c...
compiling beep.c...
compiling encoder.c...
compiling motor.c...
compiling oled.c...
compiling rc.c...
compiling oled_user.c...
linking...
Program Size: Code=22318 RO-data=16102 RW-data=1860 ZI-data=5412  
FromELF: creating hex file...
"..\OBJ\FreeLink.axf" - 0 Error(s), 0 Warning(s).
Build target 'Target 1'
compiling main.c...
compiling UI.c...
compiling Control.c...
compiling Data_Transfer.c...
compiling led.c...
compiling key.c...
compiling timer.c...
compiling dma.c...
compiling adc.c...
compiling usart.c...
compiling beep.c...
compiling encoder.c...
compiling motor.c...
compiling oled.c...
compiling rc.c...
compiling oled_user.c...
linking...
Program Size: Code=22318 RO-data=16102 RW-data=1860 ZI-data=5412  
FromELF: creating hex file...
"..\OBJ\FreeLink.axf" - 0 Error(s), 0 Warning(s).
